[21:17:31] building maximin-LHS n=2000 d=24 candidates=8
[21:18:18] accepted 2000 / tried 2000 (rejections=0)
[21:18:33]   pilot_00002 ok nfail=0
[21:18:34]   pilot_00003 ok nfail=0
[21:18:34]   pilot_00001 ok nfail=0
[21:18:36]   pilot_00000 ok nfail=0
[21:18:36]   pilot_00004 ok nfail=0
[21:18:38]   pilot_00006 ok nfail=0
[21:18:39]   pilot_00007 ok nfail=0
[21:18:40]   pilot_00005 ok nfail=0
[21:18:46]   pilot_00008 ok nfail=0
[21:18:49]   pilot_00010 ok nfail=0
[21:18:49]   pilot_00009 ok nfail=0
[21:18:51]   pilot_00014 ok nfail=0
[21:18:53]   pilot_00012 ok nfail=0
[21:18:54]   pilot_00013 ok nfail=0
[21:18:56]   pilot_00011 ok nfail=0
[21:18:56]   pilot_00015 ok nfail=0
[21:18:57]   pilot_00016 ok nfail=0
[21:19:00]   pilot_00017 ok nfail=0
[21:19:02]   pilot_00018 ok nfail=0
[21:19:05]   pilot_00019 ok nfail=0
[21:19:05]   pilot_00021 ok nfail=0
[21:19:06]   pilot_00020 ok nfail=0
[21:19:11]   pilot_00024 ok nfail=0
[21:19:12]   pilot_00023 ok nfail=0
[21:19:13]   pilot_00022 ok nfail=0
[21:19:15]   pilot_00026 ok nfail=0
[21:19:16]   pilot_00025 ok nfail=0
[21:19:18]   pilot_00027 ok nfail=0
[21:19:19]   pilot_00029 ok nfail=0
[21:19:22]   pilot_00028 ok nfail=0
[21:19:24]   pilot_00030 ok nfail=0
[21:19:28]   pilot_00031 ok nfail=0
[21:19:28]   pilot_00032 ok nfail=0
[21:19:29]   pilot_00034 ok nfail=0
[21:19:30]   pilot_00033 ok nfail=0
[21:19:31]   pilot_00035 ok nfail=0
[21:19:36]   pilot_00037 ok nfail=0
[21:19:38]   pilot_00036 ok nfail=0
[21:19:41]   pilot_00038 ok nfail=0
[21:19:42]   pilot_00041 ok nfail=0
[21:19:42]   pilot_00039 ok nfail=0
[21:19:44]   pilot_00042 ok nfail=0
[21:19:47]   pilot_00040 ok nfail=0
[21:19:49]   pilot_00043 ok nfail=0
[21:19:50]   pilot_00044 ok nfail=0
[21:19:51]   pilot_00045 ok nfail=0
[21:19:53]   pilot_00047 ok nfail=0
[21:19:55]   pilot_00046 ok nfail=0
[21:19:57]   pilot_00049 ok nfail=0
[21:20:01]   pilot_00050 ok nfail=0
[21:20:02]   pilot_00048 ok nfail=0
[21:20:03]   pilot_00051 ok nfail=0
[21:20:06]   pilot_00053 ok nfail=0
[21:20:06]   pilot_00052 ok nfail=0
[21:20:08]   pilot_00055 ok nfail=0
[21:20:09]   pilot_00056 ok nfail=0
[21:20:10]   pilot_00054 ok nfail=0
[21:20:12]   pilot_00057 ok nfail=0
[21:20:15]   pilot_00058 rejected nfail=0
[21:20:17]   pilot_00059 rejected nfail=0
[21:20:20]   pilot_00061 ok nfail=0
[21:20:20]   pilot_00062 ok nfail=0
[21:20:22]   pilot_00060 ok nfail=0
[21:20:23]   pilot_00064 ok nfail=0
[21:20:23]   pilot_00063 ok nfail=0
[21:20:25]   pilot_00065 ok nfail=0
[21:20:27]   pilot_00066 ok nfail=0
[21:20:29]   pilot_00067 ok nfail=0
[21:20:33]   pilot_00071 rejected nfail=0
[21:20:34]   pilot_00069 ok nfail=0
[21:20:35]   pilot_00070 ok nfail=0
[21:20:35]   pilot_00068 ok nfail=0
[21:20:39]   pilot_00072 ok nfail=0
[21:20:40]   pilot_00074 ok nfail=0
[21:20:41]   pilot_00073 ok nfail=0
[21:20:46]   pilot_00078 ok nfail=0
[21:20:46]   pilot_00075 ok nfail=0
[21:20:48]   pilot_00077 ok nfail=0
[21:20:49]   pilot_00079 ok nfail=0
[21:20:51]   pilot_00076 ok nfail=0
[21:20:52]   pilot_00081 ok nfail=0
[21:20:52]   pilot_00082 ok nfail=0
[21:20:55]   pilot_00080 ok nfail=0
[21:21:00]   pilot_00084 ok nfail=0
[21:21:00]   pilot_00086 ok nfail=0
[21:21:01]   pilot_00085 ok nfail=0
[21:21:01]   pilot_00083 ok nfail=0
[21:21:03]   pilot_00089 ok nfail=0
[21:21:04]   pilot_00087 rejected nfail=0
[21:21:08]   pilot_00088 ok nfail=0
[21:21:08]   pilot_00090 ok nfail=0
[21:21:13]   pilot_00094 ok nfail=0
[21:21:14]   pilot_00091 ok nfail=0
[21:21:16]   pilot_00093 ok nfail=0
[21:21:16]   pilot_00092 ok nfail=0
[21:21:16]   pilot_00095 ok nfail=0
[21:21:17]   pilot_00096 ok nfail=0
[21:21:23]   pilot_00098 ok nfail=0
[21:21:24]   pilot_00099 ok nfail=0
[21:21:25]   pilot_00097 ok nfail=0
[21:21:26]   pilot_00100 ok nfail=0
[21:21:27]   pilot_00102 ok nfail=0
[21:21:28]   pilot_00104 ok nfail=0
[21:21:29]   pilot_00103 ok nfail=0
[21:21:32]   pilot_00101 ok nfail=0
[21:21:35]   pilot_00105 ok nfail=0
[21:21:38]   pilot_00108 ok nfail=0
[21:21:38]   pilot_00107 ok nfail=0
[21:21:40]   pilot_00109 ok nfail=0
[21:21:41]   pilot_00110 ok nfail=0
[21:21:41]   pilot_00106 ok nfail=0
[21:21:45]   pilot_00111 ok nfail=0
[21:21:45]   pilot_00112 ok nfail=0
[21:21:50]   pilot_00115 ok nfail=0
[21:21:51]   pilot_00113 ok nfail=0
[21:21:52]   pilot_00114 ok nfail=0
[21:21:53]   pilot_00116 ok nfail=0
[21:21:55]   pilot_00118 ok nfail=0
[21:21:56]   pilot_00119 ok nfail=0
[21:22:00]   pilot_00117 ok nfail=0
[21:22:01]   pilot_00120 ok nfail=0
[21:22:03]   pilot_00121 ok nfail=0
[21:22:04]   pilot_00122 ok nfail=0
[21:22:06]   pilot_00124 ok nfail=0
[21:22:08]   pilot_00123 ok nfail=0
[21:22:09]   pilot_00126 ok nfail=0
[21:22:09]   pilot_00125 ok nfail=0
[21:22:12]   pilot_00127 rejected nfail=0
[21:22:13]   pilot_00128 ok nfail=0
[21:22:19]   pilot_00130 rejected nfail=0
[21:22:19]   pilot_00129 ok nfail=0
[21:22:22]   pilot_00134 ok nfail=0
[21:22:23]   pilot_00133 ok nfail=0
[21:22:24]   pilot_00132 ok nfail=0
[21:22:26]   pilot_00136 ok nfail=0
[21:22:26]   pilot_00131 ok nfail=0
[21:22:31]   pilot_00135 ok nfail=0
[21:22:33]   pilot_00137 ok nfail=0
[21:22:33]   pilot_00138 ok nfail=0
[21:22:37]   pilot_00141 rejected nfail=0
[21:22:39]   pilot_00143 ok nfail=0
[21:22:40]   pilot_00140 ok nfail=0
[21:22:40]   pilot_00142 ok nfail=0
[21:22:41]   pilot_00139 ok nfail=0
[21:22:44]   pilot_00144 ok nfail=0
[21:22:46]   pilot_00146 ok nfail=0
[21:22:47]   pilot_00145 ok nfail=0
[21:22:49]   pilot_00147 ok nfail=0
[21:22:52]   pilot_00149 ok nfail=0
[21:22:53]   pilot_00150 ok nfail=0
[21:22:53]   pilot_00148 ok nfail=0
[21:22:55]   pilot_00151 ok nfail=0
[21:22:58]   pilot_00153 ok nfail=0
[21:22:59]   pilot_00152 ok nfail=0
[21:23:01]   pilot_00154 ok nfail=0
[21:23:03]   pilot_00155 ok nfail=0
[21:23:05]   pilot_00158 ok nfail=0
[21:23:07]   pilot_00156 ok nfail=0
[21:23:07]   pilot_00157 ok nfail=0
[21:23:08]   pilot_00159 ok nfail=0
[21:23:11]   pilot_00160 rejected nfail=0
[21:23:14]   pilot_00163 ok nfail=0
[21:23:15]   pilot_00161 ok nfail=0
[21:23:15]   pilot_00162 ok nfail=0
[21:23:20]   pilot_00164 rejected nfail=0
[21:23:21]   pilot_00167 ok nfail=0
[21:23:23]   pilot_00165 ok nfail=0
[21:23:23]   pilot_00166 ok nfail=0
[21:23:25]   pilot_00168 ok nfail=0
[21:23:28]   pilot_00170 ok nfail=0
[21:23:29]   pilot_00171 ok nfail=0
[21:23:31]   pilot_00169 ok nfail=0
[21:23:35]   pilot_00175 ok nfail=0
[21:23:35]   pilot_00172 ok nfail=0
[21:23:39]   pilot_00173 ok nfail=0
[21:23:39]   pilot_00176 ok nfail=0
[21:23:40]   pilot_00174 ok nfail=0
[21:23:41]   pilot_00178 ok nfail=0
[21:23:42]   pilot_00179 rejected nfail=0
[21:23:43]   pilot_00177 ok nfail=0
[21:23:47]   pilot_00180 ok nfail=0
[21:23:51]   pilot_00182 ok nfail=0
[21:23:53]   pilot_00181 ok nfail=0
[21:23:53]   pilot_00184 ok nfail=0
[21:23:54]   pilot_00185 ok nfail=0
[21:23:55]   pilot_00183 ok nfail=0
[21:23:56]   pilot_00186 ok nfail=0
[21:23:56]   pilot_00187 ok nfail=0
[21:24:02]   pilot_00188 ok nfail=0
[21:24:05]   pilot_00192 ok nfail=0
[21:24:06]   pilot_00189 ok nfail=0
[21:24:07]   pilot_00191 ok nfail=0
[21:24:08]   pilot_00195 ok nfail=0
[21:24:10]   pilot_00194 ok nfail=0
[21:24:11]   pilot_00193 ok nfail=0
[21:24:13]   pilot_00190 ok nfail=0
[21:24:16]   pilot_00196 ok nfail=0
[21:24:18]   pilot_00199 rejected nfail=0
[21:24:18]   pilot_00197 rejected nfail=0
[21:24:20]   pilot_00198 ok nfail=0
[21:24:21]   pilot_00200 ok nfail=0
[21:24:24]   pilot_00202 ok nfail=0
[21:24:25]   pilot_00201 ok nfail=0
[21:24:26]   pilot_00203 ok nfail=0
[21:24:30]   pilot_00204 ok nfail=0
[21:24:30]   pilot_00205 ok nfail=0
[21:24:31]   pilot_00206 ok nfail=0
[21:24:33]   pilot_00208 ok nfail=0
[21:24:37]   pilot_00210 ok nfail=0
[21:24:37]   pilot_00207 ok nfail=0
[21:24:38]   pilot_00209 ok nfail=0
[21:24:41]   pilot_00211 ok nfail=0
[21:24:42]   pilot_00213 ok nfail=0
[21:24:42]   pilot_00212 ok nfail=0
[21:24:42]   pilot_00214 ok nfail=0
[21:24:48]   pilot_00215 ok nfail=0
[21:24:51]   pilot_00217 ok nfail=0
[21:24:51]   pilot_00216 ok nfail=0
[21:24:54]   pilot_00220 ok nfail=0
[21:24:55]   pilot_00222 ok nfail=0
[21:24:55]   pilot_00218 ok nfail=0
[21:24:55]   pilot_00219 ok nfail=0
[21:24:59]   pilot_00221 ok nfail=0
[21:25:00]   pilot_00223 rejected nfail=0
[21:25:05]   pilot_00224 ok nfail=0
[21:25:08]   pilot_00229 ok nfail=0
[21:25:09]   pilot_00225 ok nfail=0
[21:25:10]   pilot_00226 ok nfail=0
[21:25:11]   pilot_00227 ok nfail=0
[21:25:11]   pilot_00230 ok nfail=0
[21:25:13]   pilot_00228 ok nfail=0
[21:25:13]   pilot_00231 ok nfail=0
[21:25:19]   pilot_00232 ok nfail=0
[21:25:21]   pilot_00233 ok nfail=0
[21:25:22]   pilot_00235 ok nfail=0
[21:25:23]   pilot_00234 ok nfail=0
[21:25:24]   pilot_00238 ok nfail=0
[21:25:26]   pilot_00236 ok nfail=0
[21:25:28]   pilot_00239 ok nfail=0
[21:25:28]   pilot_00237 ok nfail=0
[21:25:34]   pilot_00240 ok nfail=0
[21:25:36]   pilot_00241 ok nfail=0
[21:25:37]   pilot_00243 ok nfail=0
[21:25:38]   pilot_00244 ok nfail=0
[21:25:39]   pilot_00242 ok nfail=0
[21:25:41]   pilot_00247 ok nfail=0
[21:25:41]   pilot_00245 ok nfail=0
[21:25:45]   pilot_00246 ok nfail=0
[21:25:47]   pilot_00248 ok nfail=0
[21:25:49]   pilot_00250 ok nfail=0
[21:25:51]   pilot_00249 ok nfail=0
[21:25:53]   pilot_00252 ok nfail=0
[21:25:54]   pilot_00251 ok nfail=0
[21:25:55]   pilot_00253 ok nfail=0
[21:25:56]   pilot_00255 ok nfail=0
[21:25:56]   pilot_00254 ok nfail=0
[21:26:01]   pilot_00257 ok nfail=0
[21:26:02]   pilot_00256 ok nfail=0
[21:26:05]   pilot_00259 ok nfail=0
[21:26:07]   pilot_00260 ok nfail=0
[21:26:07]   pilot_00258 ok nfail=0
[21:26:08]   pilot_00261 ok nfail=0
[21:26:08]   pilot_00263 ok nfail=0
[21:26:13]   pilot_00264 ok nfail=0
[21:26:15]   pilot_00262 ok nfail=0
[21:26:17]   pilot_00265 ok nfail=0
[21:26:20]   pilot_00267 ok nfail=0
[21:26:21]   pilot_00270 ok nfail=0
[21:26:22]   pilot_00268 ok nfail=0
[21:26:25]   pilot_00266 ok nfail=0
[21:26:27]   pilot_00269 ok nfail=0
[21:26:28]   pilot_00272 ok nfail=0
[21:26:28]   pilot_00271 ok nfail=0
[21:26:29]   pilot_00273 ok nfail=0
[21:26:34]   pilot_00276 ok nfail=0
[21:26:37]   pilot_00275 ok nfail=0
[21:26:39]   pilot_00274 ok nfail=0
[21:26:39]   pilot_00277 ok nfail=0
[21:26:40]   pilot_00281 ok nfail=0
[21:26:42]   pilot_00280 ok nfail=0
[21:26:43]   pilot_00278 ok nfail=0
[21:26:45]   pilot_00279 ok nfail=0
[21:26:49]   pilot_00282 ok nfail=0
[21:26:51]   pilot_00284 ok nfail=0
[21:26:54]   pilot_00285 ok nfail=0
[21:26:54]   pilot_00283 ok nfail=0
[21:26:54]   pilot_00286 ok nfail=0
[21:26:58]   pilot_00287 ok nfail=0
[21:26:59]   pilot_00289 ok nfail=0
[21:26:59]   pilot_00288 ok nfail=0
[21:27:08]   pilot_00290 ok nfail=0
[21:27:08]   pilot_00292 ok nfail=0
[21:27:08]   pilot_00293 ok nfail=0
[21:27:08]   pilot_00291 ok nfail=0
[21:27:12]   pilot_00295 ok nfail=0
[21:27:12]   pilot_00294 ok nfail=0
[21:27:12]   pilot_00297 ok nfail=0
[21:27:14]   pilot_00296 ok nfail=0
[21:27:20]   pilot_00300 ok nfail=0
[21:27:21]   pilot_00301 ok nfail=0
[21:27:23]   pilot_00298 ok nfail=0
[21:27:24]   pilot_00302 ok nfail=0
[21:27:25]   pilot_00303 ok nfail=0
[21:27:25]   pilot_00299 ok nfail=0
[21:27:26]   pilot_00304 ok nfail=0
[21:27:30]   pilot_00305 ok nfail=0
[21:27:34]   pilot_00307 ok nfail=0
[21:27:34]   pilot_00306 ok nfail=0
[21:27:35]   pilot_00308 rejected nfail=0
[21:27:36]   pilot_00309 ok nfail=0
[21:27:40]   pilot_00311 ok nfail=0
[21:27:41]   pilot_00312 ok nfail=0
[21:27:42]   pilot_00310 ok nfail=0
[21:27:43]   pilot_00313 ok nfail=0
[21:27:46]   pilot_00316 ok nfail=0
[21:27:47]   pilot_00314 ok nfail=0
[21:27:52]   pilot_00317 ok nfail=0
[21:27:53]   pilot_00315 ok nfail=0
[21:27:54]   pilot_00319 ok nfail=0
[21:27:54]   pilot_00318 ok nfail=0
[21:27:55]   pilot_00320 ok nfail=0
[21:27:57]   pilot_00321 ok nfail=0
[21:28:00]   pilot_00322 ok nfail=0
[21:28:01]   pilot_00323 ok nfail=0
[21:28:04]   pilot_00327 rejected nfail=0
[21:28:06]   pilot_00324 ok nfail=0
[21:28:08]   pilot_00325 ok nfail=0
[21:28:11]   pilot_00328 ok nfail=0
[21:28:11]   pilot_00326 ok nfail=0
[21:28:12]   pilot_00329 ok nfail=0
[21:28:13]   pilot_00331 ok nfail=0
[21:28:13]   pilot_00330 ok nfail=0
[21:28:18]   pilot_00332 ok nfail=0
[21:28:19]   pilot_00333 ok nfail=0
[21:28:22]   pilot_00334 ok nfail=0
[21:28:24]   pilot_00336 ok nfail=0
[21:28:25]   pilot_00337 ok nfail=0
[21:28:28]   pilot_00338 ok nfail=0
[21:28:29]   pilot_00335 ok nfail=0
[21:28:32]   pilot_00339 ok nfail=0
[21:28:33]   pilot_00340 ok nfail=0
[21:28:34]   pilot_00342 ok nfail=0
[21:28:35]   pilot_00343 ok nfail=0
[21:28:36]   pilot_00341 ok nfail=0
[21:28:36]   pilot_00344 ok nfail=0
[21:28:39]   pilot_00345 ok nfail=0
[21:28:42]   pilot_00346 ok nfail=0
[21:28:45]   pilot_00347 ok nfail=0
[21:28:47]   pilot_00348 rejected nfail=0
[21:28:47]   pilot_00351 ok nfail=0
[21:28:48]   pilot_00352 ok nfail=0
[21:28:48]   pilot_00349 ok nfail=0
[21:28:54]   pilot_00350 ok nfail=0
[21:28:55]   pilot_00354 ok nfail=0
[21:28:57]   pilot_00355 ok nfail=0
[21:28:58]   pilot_00353 ok nfail=0
[21:28:59]   pilot_00356 ok nfail=0
[21:28:59]   pilot_00357 ok nfail=0
[21:29:00]   pilot_00358 ok nfail=0
[21:29:01]   pilot_00359 ok nfail=0
[21:29:05]   pilot_00360 rejected nfail=0
[21:29:08]   pilot_00361 ok nfail=0
[21:29:11]   pilot_00366 ok nfail=0
[21:29:12]   pilot_00365 ok nfail=0
[21:29:13]   pilot_00363 ok nfail=0
[21:29:13]   pilot_00364 ok nfail=0
[21:29:15]   pilot_00362 ok nfail=0
[21:29:18]   pilot_00367 ok nfail=0
[21:29:23]   pilot_00368 rejected nfail=0
[21:29:25]   pilot_00372 ok nfail=0
[21:29:26]   pilot_00370 ok nfail=0
[21:29:28]   pilot_00371 ok nfail=0
[21:29:28]   pilot_00374 ok nfail=0
[21:29:29]   pilot_00373 ok nfail=0
[21:29:29]   pilot_00369 ok nfail=0
[21:29:31]   pilot_00375 ok nfail=0
[21:29:36]   pilot_00376 ok nfail=0
[21:29:36]   pilot_00377 rejected nfail=0
[21:29:40]   pilot_00379 ok nfail=0
[21:29:41]   pilot_00381 ok nfail=0
[21:29:41]   pilot_00378 ok nfail=0
[21:29:43]   pilot_00380 ok nfail=0
[21:29:43]   pilot_00382 ok nfail=0
[21:29:51]   pilot_00385 ok nfail=0
[21:29:52]   pilot_00384 ok nfail=0
[21:29:52]   pilot_00383 ok nfail=0
[21:29:54]   pilot_00387 ok nfail=0
[21:29:55]   pilot_00388 ok nfail=0
[21:29:56]   pilot_00386 ok nfail=0
[21:29:58]   pilot_00390 ok nfail=0
[21:29:59]   pilot_00389 ok nfail=0
[21:30:04]   pilot_00391 ok nfail=0
[21:30:05]   pilot_00392 ok nfail=0
[21:30:07]   pilot_00394 ok nfail=0
[21:30:08]   pilot_00395 rejected nfail=0
[21:30:10]   pilot_00397 ok nfail=0
[21:30:12]   pilot_00396 rejected nfail=0
[21:30:12]   pilot_00393 ok nfail=0
[21:30:15]   pilot_00398 ok nfail=0
[21:30:16]   pilot_00400 rejected nfail=0
[21:30:17]   pilot_00399 ok nfail=0
[21:30:21]   pilot_00401 ok nfail=0
[21:30:23]   pilot_00402 ok nfail=0
[21:30:26]   pilot_00405 ok nfail=0
[21:30:26]   pilot_00403 ok nfail=0
[21:30:28]   pilot_00406 ok nfail=0
[21:30:29]   pilot_00404 ok nfail=0
[21:30:29]   pilot_00407 ok nfail=0
[21:30:33]   pilot_00408 ok nfail=0
[21:30:35]   pilot_00410 ok nfail=0
[21:30:35]   pilot_00409 ok nfail=0
[21:30:38]   pilot_00412 ok nfail=0
[21:30:40]   pilot_00411 ok nfail=0
[21:30:40]   pilot_00414 ok nfail=0
[21:30:41]   pilot_00413 ok nfail=0
[21:30:45]   pilot_00415 ok nfail=0
[21:30:47]   pilot_00416 ok nfail=0
[21:30:49]   pilot_00417 ok nfail=0
[21:30:49]   pilot_00419 rejected nfail=0
[21:30:50]   pilot_00418 ok nfail=0
[21:30:52]   pilot_00422 ok nfail=0
[21:30:55]   pilot_00420 ok nfail=0
[21:30:55]   pilot_00421 ok nfail=0
[21:30:57]   pilot_00423 ok nfail=0
[21:31:00]   pilot_00424 ok nfail=0
[21:31:02]   pilot_00425 ok nfail=0
[21:31:06]   pilot_00428 ok nfail=0
[21:31:09]   pilot_00427 ok nfail=0
[21:31:09]   pilot_00430 ok nfail=0
[21:31:10]   pilot_00426 ok nfail=0
[21:31:10]   pilot_00431 ok nfail=0
[21:31:15]   pilot_00429 ok nfail=0
[21:31:17]   pilot_00432 ok nfail=0
[21:31:19]   pilot_00433 ok nfail=0
[21:31:20]   pilot_00434 ok nfail=0
[21:31:22]   pilot_00435 ok nfail=0
[21:31:26]   pilot_00437 ok nfail=0
[21:31:27]   pilot_00436 ok nfail=0
[21:31:27]   pilot_00438 ok nfail=0
[21:31:29]   pilot_00439 ok nfail=0
[21:31:30]   pilot_00440 ok nfail=0
[21:31:37]   pilot_00441 ok nfail=0
[21:31:39]   pilot_00444 rejected nfail=0
[21:31:40]   pilot_00443 ok nfail=0
[21:31:40]   pilot_00442 ok nfail=0
[21:31:40]   pilot_00445 ok nfail=0
[21:31:41]   pilot_00446 ok nfail=0
[21:31:45]   pilot_00447 ok nfail=0
[21:31:45]   pilot_00448 ok nfail=0
[21:31:51]   pilot_00449 rejected nfail=0
[21:31:52]   pilot_00451 ok nfail=0
[21:31:52]   pilot_00452 ok nfail=0
[21:31:57]   pilot_00450 ok nfail=0
[21:31:58]   pilot_00455 ok nfail=0
[21:31:59]   pilot_00453 ok nfail=0
[21:32:01]   pilot_00456 ok nfail=0
[21:32:02]   pilot_00454 ok nfail=0
[21:32:20]   pilot_00458 ok nfail=0
[21:32:28]   pilot_00459 ok nfail=0
[21:32:29]   pilot_00457 ok nfail=0
[21:32:38]   pilot_00460 ok nfail=0
[21:32:39]   pilot_00462 ok nfail=0
[21:32:52]   pilot_00464 ok nfail=0
[21:32:52]   pilot_00463 ok nfail=0
[21:32:56]   pilot_00461 ok nfail=0
[21:33:09]   pilot_00465 ok nfail=0
[21:33:22]   pilot_00467 rejected nfail=0
[21:33:24]   pilot_00469 ok nfail=0
[21:33:28]   pilot_00466 ok nfail=0
[21:33:39]   pilot_00468 ok nfail=0
[21:33:42]   pilot_00470 ok nfail=0
[21:33:43]   pilot_00472 rejected nfail=0
[21:33:44]   pilot_00471 ok nfail=0
[21:34:00]   pilot_00473 ok nfail=0
[21:34:10]   pilot_00475 ok nfail=0
[21:34:20]   pilot_00474 ok nfail=0
[21:34:25]   pilot_00477 rejected nfail=0
[21:34:30]   pilot_00480 ok nfail=0
[21:34:31]   pilot_00476 ok nfail=0
[21:34:38]   pilot_00479 ok nfail=0
[21:34:39]   pilot_00478 ok nfail=0
[21:34:55]   pilot_00481 ok nfail=0
[21:35:09]   pilot_00482 ok nfail=0
[21:35:15]   pilot_00485 ok nfail=0
[21:35:16]   pilot_00486 rejected nfail=0
[21:35:17]   pilot_00483 ok nfail=0
[21:35:26]   pilot_00488 ok nfail=0
[21:35:29]   pilot_00484 ok nfail=0
[21:35:31]   pilot_00487 ok nfail=0
[21:35:45]   pilot_00489 ok nfail=0
[21:35:52]   pilot_00491 ok nfail=0
[21:35:53]   pilot_00490 ok nfail=0
[21:35:55]   pilot_00493 ok nfail=0
[21:35:58]   pilot_00492 ok nfail=0
[21:35:58]   pilot_00494 ok nfail=0
[21:36:03]   pilot_00495 ok nfail=0
[21:36:04]   pilot_00496 ok nfail=0
[21:36:06]   pilot_00497 ok nfail=0
[21:36:07]   pilot_00499 ok nfail=0
[21:36:09]   pilot_00498 ok nfail=0
[21:36:12]   pilot_00501 ok nfail=0
[21:36:14]   pilot_00500 ok nfail=0
[21:36:16]   pilot_00502 ok nfail=0
[21:36:17]   pilot_00504 ok nfail=0
[21:36:19]   pilot_00503 ok nfail=0
[21:36:22]   pilot_00507 rejected nfail=0
[21:36:23]   pilot_00506 ok nfail=0
[21:36:25]   pilot_00508 ok nfail=0
[21:36:26]   pilot_00505 ok nfail=0
[21:36:27]   pilot_00509 ok nfail=0
[21:36:31]   pilot_00511 ok nfail=0
[21:36:34]   pilot_00512 ok nfail=0
[21:36:38]   pilot_00510 ok nfail=0
[21:36:47]   pilot_00514 ok nfail=0
[21:36:57]   pilot_00513 ok nfail=0
[21:37:04]   pilot_00516 ok nfail=0
[21:37:07]   pilot_00515 ok nfail=0
[21:37:26]   pilot_00517 ok nfail=0
[21:37:29]   pilot_00518 ok nfail=0
[21:37:29]   pilot_00519 ok nfail=0
[21:37:35]   pilot_00521 ok nfail=0
[21:37:43]   pilot_00520 ok nfail=0
[21:37:56]   pilot_00522 ok nfail=0
[21:38:02]   pilot_00524 ok nfail=0
[21:38:12]   pilot_00523 ok nfail=0
[21:38:17]   pilot_00525 ok nfail=0
[21:38:29]   pilot_00528 ok nfail=0
[21:38:31]   pilot_00527 ok nfail=0
[21:38:32]   pilot_00526 ok nfail=0
[21:38:34]   pilot_00529 ok nfail=0
[21:38:47]   pilot_00530 ok nfail=0
[21:39:07]   pilot_00532 ok nfail=0
[21:39:08]   pilot_00531 ok nfail=0
[21:39:20]   pilot_00533 ok nfail=0
[21:39:22]   pilot_00537 ok nfail=0
[21:39:27]   pilot_00535 ok nfail=0
[21:39:36]   pilot_00536 ok nfail=0
[21:39:37]   pilot_00538 ok nfail=0
[21:39:45]   pilot_00534 ok nfail=0
[21:39:53]   pilot_00539 ok nfail=0
[21:39:54]   pilot_00540 ok nfail=0
[21:40:13]   pilot_00542 ok nfail=0
[21:40:15]   pilot_00543 ok nfail=0
[21:40:19]   pilot_00541 ok nfail=0
[21:40:24]   pilot_00545 ok nfail=0
[21:40:36]   pilot_00544 ok nfail=0
[21:40:40]   pilot_00548 ok nfail=0
[21:40:47]   pilot_00547 ok nfail=0
[21:40:50]   pilot_00546 ok nfail=0
[21:41:07]   pilot_00549 ok nfail=0
[21:41:11]   pilot_00552 ok nfail=0
[21:41:12]   pilot_00550 ok nfail=0
[21:41:16]   pilot_00551 ok nfail=0
[21:41:27]   pilot_00553 ok nfail=0
[21:41:32]   pilot_00555 rejected nfail=0
[21:41:37]   pilot_00554 ok nfail=0
[21:41:40]   pilot_00556 ok nfail=0
[21:41:55]   pilot_00557 ok nfail=0
[21:42:01]   pilot_00558 ok nfail=0
[21:42:02]   pilot_00559 ok nfail=0
[21:42:23]   pilot_00562 ok nfail=0
[21:42:26]   pilot_00560 ok nfail=0
[21:42:31]   pilot_00564 ok nfail=0
[21:42:37]   pilot_00561 ok nfail=0
[21:42:39]   pilot_00563 ok nfail=0
[21:42:45]   pilot_00566 rejected nfail=0
[21:42:46]   pilot_00567 ok nfail=0
[21:43:01]   pilot_00565 ok nfail=0
[21:43:06]   pilot_00568 ok nfail=0
[21:43:18]   pilot_00570 ok nfail=0
[21:43:24]   pilot_00569 ok nfail=0
[21:43:26]   pilot_00571 ok nfail=0
[21:43:38]   pilot_00572 ok nfail=0
[21:43:39]   pilot_00574 ok nfail=0
[21:44:07]   pilot_00575 ok nfail=0
[21:44:08]   pilot_00573 ok nfail=0
[21:44:09]   pilot_00576 ok nfail=0
[21:44:11]   pilot_00578 ok nfail=0
[21:44:20]   pilot_00577 ok nfail=0
[21:44:32]   pilot_00580 ok nfail=0
[21:44:33]   pilot_00579 ok nfail=0
[21:44:36]   pilot_00581 ok nfail=0
[21:44:59]   pilot_00582 ok nfail=0
[21:45:02]   pilot_00585 ok nfail=0
[21:45:03]   pilot_00583 ok nfail=0
[21:45:11]   pilot_00586 ok nfail=0
[21:45:17]   pilot_00584 ok nfail=0
[21:45:19]   pilot_00588 ok nfail=0
[21:45:24]   pilot_00587 ok nfail=0
[21:45:25]   pilot_00589 ok nfail=0
[21:45:57]   pilot_00590 rejected nfail=0
[21:46:02]   pilot_00591 ok nfail=0
[21:46:06]   pilot_00595 ok nfail=0
[21:46:06]   pilot_00594 ok nfail=0
[21:46:07]   pilot_00593 ok nfail=0
[21:46:08]   pilot_00592 ok nfail=0
[21:46:18]   pilot_00597 ok nfail=0
[21:46:22]   pilot_00596 ok nfail=0
[21:46:49]   pilot_00599 ok nfail=0
[21:46:50]   pilot_00603 ok nfail=0
[21:46:56]   pilot_00598 ok nfail=0
[21:46:56]   pilot_00600 ok nfail=0
[21:46:58]   pilot_00602 ok nfail=0
[21:47:03]   pilot_00601 ok nfail=0
[21:47:06]   pilot_00605 ok nfail=0
[21:47:30]   pilot_00604 ok nfail=0
[21:47:34]   pilot_00607 ok nfail=0
[21:47:41]   pilot_00608 ok nfail=0
[21:47:46]   pilot_00610 ok nfail=0
[21:47:51]   pilot_00606 ok nfail=0
[21:47:51]   pilot_00609 ok nfail=0
[21:47:58]   pilot_00612 ok nfail=0
[21:48:06]   pilot_00611 ok nfail=0
[21:48:16]   pilot_00613 ok nfail=0
[21:48:31]   pilot_00615 ok nfail=0
[21:48:36]   pilot_00614 ok nfail=0
[21:48:41]   pilot_00618 ok nfail=0
[21:48:44]   pilot_00616 ok nfail=0
[21:48:52]   pilot_00617 ok nfail=0
[21:48:56]   pilot_00619 ok nfail=0
[21:49:09]   pilot_00620 ok nfail=0
[21:49:18]   pilot_00621 ok nfail=0
[21:49:26]   pilot_00622 ok nfail=0
[21:49:29]   pilot_00623 ok nfail=0
[21:49:40]   pilot_00625 rejected nfail=0
[21:49:46]   pilot_00627 ok nfail=0
[21:49:46]   pilot_00626 ok nfail=0
[21:49:54]   pilot_00624 ok nfail=0
[21:49:56]   pilot_00628 ok nfail=0
[21:50:07]   pilot_00629 ok nfail=0
[21:50:25]   pilot_00631 ok nfail=0
[21:50:26]   pilot_00632 ok nfail=0
[21:50:27]   pilot_00630 ok nfail=0
[21:50:35]   pilot_00633 ok nfail=0
[21:50:35]   pilot_00634 ok nfail=0
[21:50:42]   pilot_00635 ok nfail=0
[21:50:52]   pilot_00636 ok nfail=0
[21:50:53]   pilot_00637 rejected nfail=0
[21:50:58]   pilot_00639 ok nfail=0
[21:51:01]   pilot_00638 ok nfail=0
[21:51:04]   pilot_00642 ok nfail=0
[21:51:06]   pilot_00640 ok nfail=0
[21:51:09]   pilot_00644 ok nfail=0
[21:51:10]   pilot_00643 ok nfail=0
[21:51:10]   pilot_00641 ok nfail=0
[21:51:11]   pilot_00645 ok nfail=0
[21:51:11]   pilot_00646 ok nfail=0
[21:51:18]   pilot_00647 ok nfail=0
[21:51:19]   pilot_00649 ok nfail=0
[21:51:21]   pilot_00648 ok nfail=0
[21:51:22]   pilot_00652 ok nfail=0
[21:51:25]   pilot_00654 ok nfail=0
[21:51:26]   pilot_00651 ok nfail=0
[21:51:28]   pilot_00653 ok nfail=0
[21:51:28]   pilot_00650 ok nfail=0
[21:51:32]   pilot_00656 rejected nfail=0
[21:51:33]   pilot_00655 ok nfail=0
[21:51:40]   pilot_00657 ok nfail=0
[21:51:40]   pilot_00658 ok nfail=0
[21:51:41]   pilot_00659 ok nfail=0
[21:51:42]   pilot_00661 ok nfail=0
[21:51:44]   pilot_00660 ok nfail=0
[21:51:46]   pilot_00664 ok nfail=0
[21:51:48]   pilot_00662 ok nfail=0
[21:51:49]   pilot_00663 ok nfail=0
[21:51:53]   pilot_00666 ok nfail=0
[21:51:55]   pilot_00667 ok nfail=0
[21:51:55]   pilot_00665 ok nfail=0
[21:51:58]   pilot_00668 ok nfail=0
[21:52:01]   pilot_00670 ok nfail=0
[21:52:01]   pilot_00669 ok nfail=0
[21:52:05]   pilot_00673 rejected nfail=0
[21:52:06]   pilot_00671 ok nfail=0
[21:52:08]   pilot_00675 ok nfail=0
[21:52:09]   pilot_00674 ok nfail=0
[21:52:09]   pilot_00672 ok nfail=0
[21:52:12]   pilot_00676 ok nfail=0
[21:52:15]   pilot_00678 ok nfail=0
[21:52:16]   pilot_00677 ok nfail=0
[21:52:16]   pilot_00679 ok nfail=0
[21:52:21]   pilot_00680 ok nfail=0
[21:52:22]   pilot_00683 ok nfail=0
[21:52:23]   pilot_00681 ok nfail=0
[21:52:23]   pilot_00682 ok nfail=0
[21:52:23]   pilot_00684 rejected nfail=0
[21:52:28]   pilot_00685 ok nfail=0
[21:52:31]   pilot_00687 ok nfail=0
[21:52:31]   pilot_00686 ok nfail=0
[21:52:35]   pilot_00691 ok nfail=0
[21:52:38]   pilot_00689 ok nfail=0
[21:52:38]   pilot_00690 ok nfail=0
[21:52:38]   pilot_00688 ok nfail=0
[21:52:41]   pilot_00692 ok nfail=0
[21:52:46]   pilot_00694 ok nfail=0
[21:52:46]   pilot_00693 ok nfail=0
[21:52:47]   pilot_00695 ok nfail=0
[21:52:49]   pilot_00696 ok nfail=0
[21:52:52]   pilot_00698 ok nfail=0
[21:52:53]   pilot_00699 ok nfail=0
[21:52:55]   pilot_00700 ok nfail=0
[21:52:57]   pilot_00697 ok nfail=0
[21:52:58]   pilot_00703 ok nfail=0
[21:52:58]   pilot_00701 ok nfail=0
[21:53:00]   pilot_00702 ok nfail=0
[21:53:03]   pilot_00704 ok nfail=0
[21:53:06]   pilot_00706 ok nfail=0
[21:53:06]   pilot_00707 ok nfail=0
[21:53:08]   pilot_00705 ok nfail=0
[21:53:10]   pilot_00710 rejected nfail=0
[21:53:14]   pilot_00711 ok nfail=0
[21:53:15]   pilot_00708 ok nfail=0
[21:53:17]   pilot_00712 ok nfail=0
[21:53:18]   pilot_00709 ok nfail=0
[21:53:19]   pilot_00713 ok nfail=0
[21:53:23]   pilot_00715 ok nfail=0
[21:53:24]   pilot_00716 ok nfail=0
[21:53:27]   pilot_00717 ok nfail=0
[21:53:27]   pilot_00714 ok nfail=0
[21:53:30]   pilot_00718 ok nfail=0
[21:53:31]   pilot_00719 ok nfail=0
[21:53:31]   pilot_00720 ok nfail=0
[21:53:38]   pilot_00723 ok nfail=0
[21:53:38]   pilot_00721 ok nfail=0
[21:53:40]   pilot_00722 ok nfail=0
[21:53:41]   pilot_00724 ok nfail=0
[21:53:41]   pilot_00725 ok nfail=0
[21:53:44]   pilot_00726 ok nfail=0
[21:53:45]   pilot_00728 ok nfail=0
[21:53:45]   pilot_00727 ok nfail=0
[21:54:05]   pilot_00729 ok nfail=0
[21:54:14]   pilot_00730 ok nfail=0
[21:54:22]   pilot_00732 ok nfail=0
[21:54:24]   pilot_00733 ok nfail=0
[21:54:27]   pilot_00731 ok nfail=0
[21:54:29]   pilot_00735 ok nfail=0
[21:54:33]   pilot_00734 ok nfail=0
[21:54:45]   pilot_00736 ok nfail=0
[21:54:54]   pilot_00738 ok nfail=0
[21:54:55]   pilot_00737 ok nfail=0
[21:54:57]   pilot_00741 ok nfail=0
[21:54:57]   pilot_00739 ok nfail=0
[21:54:58]   pilot_00740 ok nfail=0
[21:55:02]   pilot_00743 ok nfail=0
[21:55:09]   pilot_00742 ok nfail=0
[21:55:29]   pilot_00745 ok nfail=0
[21:55:30]   pilot_00744 ok nfail=0
[21:55:43]   pilot_00746 ok nfail=0
[21:55:47]   pilot_00749 ok nfail=0
[21:55:49]   pilot_00748 ok nfail=0
[21:55:50]   pilot_00747 ok nfail=0
[21:56:02]   pilot_00750 ok nfail=0
[21:56:04]   pilot_00751 ok nfail=0
[21:56:18]   pilot_00753 ok nfail=0
[21:56:31]   pilot_00752 ok nfail=0
[21:56:40]   pilot_00756 ok nfail=0
[21:56:43]   pilot_00755 ok nfail=0
[21:56:47]   pilot_00757 ok nfail=0
[21:56:49]   pilot_00754 ok nfail=0
[21:56:58]   pilot_00758 ok nfail=0
[21:57:02]   pilot_00760 ok nfail=0
[21:57:10]   pilot_00759 ok nfail=0
[21:57:26]   pilot_00761 ok nfail=0
[21:57:45]   pilot_00762 ok nfail=0
[21:57:45]   pilot_00764 ok nfail=0
[21:57:47]   pilot_00763 ok nfail=0
[21:57:48]   pilot_00767 rejected nfail=0
[21:57:52]   pilot_00765 ok nfail=0
[21:57:53]   pilot_00766 ok nfail=0
[21:58:01]   pilot_00768 ok nfail=0
[21:58:24]   pilot_00769 ok nfail=0
[21:58:32]   pilot_00770 ok nfail=0
[21:58:36]   pilot_00773 ok nfail=0
[21:58:41]   pilot_00772 ok nfail=0
[21:58:41]   pilot_00775 ok nfail=0
[21:58:42]   pilot_00771 ok nfail=0
[21:58:50]   pilot_00776 ok nfail=0
[21:58:51]   pilot_00774 ok nfail=0
[21:59:21]   pilot_00779 ok nfail=0
[21:59:24]   pilot_00780 rejected nfail=0
[21:59:30]   pilot_00777 ok nfail=0
[21:59:33]   pilot_00783 ok nfail=0
[21:59:36]   pilot_00778 ok nfail=0
[21:59:39]   pilot_00784 ok nfail=0
[21:59:43]   pilot_00781 ok nfail=0
[21:59:53]   pilot_00782 ok nfail=0
[22:00:00]   pilot_00786 ok nfail=0
[22:00:04]   pilot_00787 ok nfail=0
[22:00:04]   pilot_00785 ok nfail=0
[22:00:05]   pilot_00789 ok nfail=0
[22:00:06]   pilot_00791 ok nfail=0
[22:00:07]   pilot_00788 ok nfail=0
[22:00:08]   pilot_00792 ok nfail=0
[22:00:09]   pilot_00790 ok nfail=0
[22:00:17]   pilot_00793 ok nfail=0
[22:00:22]   pilot_00794 ok nfail=0
[22:00:22]   pilot_00795 ok nfail=0
[22:00:25]   pilot_00797 ok nfail=0
[22:00:25]   pilot_00800 ok nfail=0
[22:00:26]   pilot_00796 ok nfail=0
[22:00:28]   pilot_00798 ok nfail=0
[22:00:36]   pilot_00801 ok nfail=0
[22:00:37]   pilot_00799 ok nfail=0
[22:00:41]   pilot_00803 ok nfail=0
[22:00:42]   pilot_00804 ok nfail=0
[22:00:43]   pilot_00806 ok nfail=0
[22:00:43]   pilot_00802 ok nfail=0
[22:00:44]   pilot_00807 ok nfail=0
[22:00:50]   pilot_00805 ok nfail=0
[22:00:50]   pilot_00808 ok nfail=0
[22:00:53]   pilot_00809 ok nfail=0
[22:00:54]   pilot_00810 ok nfail=0
[22:00:55]   pilot_00811 ok nfail=0
[22:00:59]   pilot_00814 ok nfail=0
[22:01:00]   pilot_00812 ok nfail=0
[22:01:02]   pilot_00813 ok nfail=0
[22:01:04]   pilot_00815 ok nfail=0
[22:01:05]   pilot_00816 rejected nfail=0
[22:01:08]   pilot_00819 ok nfail=0
[22:01:09]   pilot_00817 ok nfail=0
[22:01:12]   pilot_00818 ok nfail=0
[22:01:15]   pilot_00821 ok nfail=0
[22:01:16]   pilot_00820 ok nfail=0
[22:01:17]   pilot_00822 ok nfail=0
[22:01:20]   pilot_00824 ok nfail=0
[22:01:22]   pilot_00823 ok nfail=0
[22:01:24]   pilot_00825 ok nfail=0
[22:01:24]   pilot_00827 ok nfail=0
[22:01:25]   pilot_00826 ok nfail=0
[22:01:28]   pilot_00829 ok nfail=0
[22:01:31]   pilot_00830 ok nfail=0
[22:01:35]   pilot_00831 rejected nfail=0
[22:01:36]   pilot_00828 ok nfail=0
[22:01:38]   pilot_00832 ok nfail=0
[22:01:38]   pilot_00834 ok nfail=0
[22:01:39]   pilot_00833 ok nfail=0
[22:01:41]   pilot_00836 ok nfail=0
[22:01:44]   pilot_00837 ok nfail=0
[22:01:44]   pilot_00835 ok nfail=0
[22:01:51]   pilot_00842 ok nfail=0
[22:01:52]   pilot_00840 ok nfail=0
[22:01:53]   pilot_00838 ok nfail=0
[22:01:53]   pilot_00839 ok nfail=0
[22:01:54]   pilot_00841 ok nfail=0
[22:01:54]   pilot_00843 ok nfail=0
[22:02:00]   pilot_00844 rejected nfail=0
[22:02:03]   pilot_00845 ok nfail=0
[22:02:05]   pilot_00847 ok nfail=0
[22:02:05]   pilot_00846 ok nfail=0
[22:02:06]   pilot_00848 ok nfail=0
[22:02:06]   pilot_00849 ok nfail=0
[22:02:07]   pilot_00850 ok nfail=0
[22:02:13]   pilot_00851 ok nfail=0
[22:02:17]   pilot_00852 ok nfail=0
[22:02:18]   pilot_00853 ok nfail=0
[22:02:21]   pilot_00855 ok nfail=0
[22:02:21]   pilot_00854 ok nfail=0
[22:02:21]   pilot_00856 ok nfail=0
[22:02:22]   pilot_00857 ok nfail=0
[22:02:23]   pilot_00858 ok nfail=0
[22:02:27]   pilot_00859 ok nfail=0
[22:02:29]   pilot_00860 rejected nfail=0
[22:02:30]   pilot_00861 rejected nfail=0
[22:02:36]   pilot_00863 ok nfail=0
[22:02:36]   pilot_00865 ok nfail=0
[22:02:37]   pilot_00862 ok nfail=0
[22:02:37]   pilot_00864 ok nfail=0
[22:02:39]   pilot_00866 ok nfail=0
[22:02:43]   pilot_00867 ok nfail=0
[22:02:43]   pilot_00868 ok nfail=0
[22:02:46]   pilot_00869 ok nfail=0
[22:02:49]   pilot_00870 ok nfail=0
[22:02:50]   pilot_00871 ok nfail=0
[22:02:51]   pilot_00872 ok nfail=0
[22:02:53]   pilot_00873 ok nfail=0
[22:02:55]   pilot_00875 ok nfail=0
[22:02:55]   pilot_00874 ok nfail=0
[22:02:55]   pilot_00876 ok nfail=0
[22:02:59]   pilot_00877 ok nfail=0
[22:03:03]   pilot_00880 ok nfail=0
[22:03:04]   pilot_00878 ok nfail=0
[22:03:06]   pilot_00879 ok nfail=0
[22:03:10]   pilot_00881 ok nfail=0
[22:03:11]   pilot_00884 ok nfail=0
[22:03:12]   pilot_00883 ok nfail=0
[22:03:14]   pilot_00885 ok nfail=0
[22:03:14]   pilot_00882 ok nfail=0
[22:03:16]   pilot_00886 ok nfail=0
[22:03:20]   pilot_00887 ok nfail=0
[22:03:21]   pilot_00888 ok nfail=0
[22:03:22]   pilot_00889 ok nfail=0
[22:03:26]   pilot_00891 ok nfail=0
[22:03:27]   pilot_00892 ok nfail=0
[22:03:28]   pilot_00893 ok nfail=0
[22:03:29]   pilot_00890 ok nfail=0
[22:03:35]   pilot_00894 ok nfail=0
[22:03:36]   pilot_00896 ok nfail=0
[22:03:37]   pilot_00897 ok nfail=0
[22:03:40]   pilot_00895 ok nfail=0
[22:03:41]   pilot_00898 ok nfail=0
[22:03:41]   pilot_00899 ok nfail=0
[22:03:46]   pilot_00901 ok nfail=0
[22:03:48]   pilot_00900 ok nfail=0
[22:03:50]   pilot_00903 ok nfail=0
[22:03:52]   pilot_00902 ok nfail=0
[22:03:53]   pilot_00904 ok nfail=0
[22:03:55]   pilot_00907 ok nfail=0
[22:03:55]   pilot_00905 ok nfail=0
[22:03:58]   pilot_00908 ok nfail=0
[22:04:00]   pilot_00906 ok nfail=0
[22:04:02]   pilot_00909 ok nfail=0
[22:04:05]   pilot_00910 ok nfail=0
[22:04:07]   pilot_00914 ok nfail=0
[22:04:09]   pilot_00912 ok nfail=0
[22:04:10]   pilot_00911 ok nfail=0
[22:04:13]   pilot_00913 rejected nfail=0
[22:04:15]   pilot_00917 ok nfail=0
[22:04:15]   pilot_00916 ok nfail=0
[22:04:17]   pilot_00915 ok nfail=0
[22:04:19]   pilot_00918 ok nfail=0
[22:04:22]   pilot_00919 ok nfail=0
[22:04:23]   pilot_00920 ok nfail=0
[22:04:24]   pilot_00921 ok nfail=0
[22:04:28]   pilot_00924 ok nfail=0
[22:04:29]   pilot_00922 ok nfail=0
[22:04:31]   pilot_00923 ok nfail=0
[22:04:32]   pilot_00926 ok nfail=0
[22:04:33]   pilot_00925 ok nfail=0
[22:04:35]   pilot_00929 ok nfail=0
[22:04:36]   pilot_00927 ok nfail=0
[22:04:37]   pilot_00928 ok nfail=0
[22:04:40]   pilot_00931 ok nfail=0
[22:04:43]   pilot_00930 ok nfail=0
[22:04:44]   pilot_00932 ok nfail=0
[22:04:44]   pilot_00933 ok nfail=0
[22:04:49]   pilot_00934 ok nfail=0
[22:04:50]   pilot_00935 ok nfail=0
[22:04:51]   pilot_00936 ok nfail=0
[22:04:51]   pilot_00937 rejected nfail=0
[22:04:55]   pilot_00938 ok nfail=0
[22:04:58]   pilot_00940 ok nfail=0
[22:04:58]   pilot_00939 ok nfail=0
[22:05:00]   pilot_00941 ok nfail=0
[22:05:03]   pilot_00944 ok nfail=0
[22:05:05]   pilot_00945 ok nfail=0
[22:05:05]   pilot_00943 ok nfail=0
[22:05:06]   pilot_00942 ok nfail=0
[22:05:07]   pilot_00946 ok nfail=0
[22:05:12]   pilot_00947 ok nfail=0
[22:05:14]   pilot_00950 ok nfail=0
[22:05:15]   pilot_00949 ok nfail=0
[22:05:17]   pilot_00948 ok nfail=0
[22:05:17]   pilot_00951 ok nfail=0
[22:05:20]   pilot_00952 ok nfail=0
[22:05:21]   pilot_00954 ok nfail=0
[22:05:21]   pilot_00953 ok nfail=0
[22:05:28]   pilot_00955 ok nfail=0
[22:05:29]   pilot_00959 ok nfail=0
[22:05:29]   pilot_00957 ok nfail=0
[22:05:33]   pilot_00958 ok nfail=0
[22:05:34]   pilot_00956 ok nfail=0
[22:05:34]   pilot_00962 rejected nfail=0
[22:05:35]   pilot_00961 ok nfail=0
[22:05:37]   pilot_00960 ok nfail=0
[22:05:41]   pilot_00964 ok nfail=0
[22:05:41]   pilot_00965 ok nfail=0
[22:05:41]   pilot_00963 ok nfail=0
[22:05:45]   pilot_00966 ok nfail=0
[22:05:47]   pilot_00968 ok nfail=0
[22:05:48]   pilot_00967 ok nfail=0
[22:05:49]   pilot_00969 ok nfail=0
[22:05:52]   pilot_00971 ok nfail=0
[22:05:54]   pilot_00970 ok nfail=0
[22:05:54]   pilot_00973 rejected nfail=0
[22:05:55]   pilot_00972 ok nfail=0
[22:05:57]   pilot_00974 ok nfail=0
[22:06:01]   pilot_00976 ok nfail=0
[22:06:03]   pilot_00977 ok nfail=0
[22:06:05]   pilot_00975 ok nfail=0
[22:06:06]   pilot_00981 ok nfail=0
[22:06:08]   pilot_00979 ok nfail=0
[22:06:09]   pilot_00980 ok nfail=0
[22:06:11]   pilot_00978 ok nfail=0
[22:06:11]   pilot_00982 ok nfail=0
[22:06:16]   pilot_00984 ok nfail=0
[22:06:18]   pilot_00983 ok nfail=0
[22:06:22]   pilot_00985 ok nfail=0
[22:06:24]   pilot_00986 ok nfail=0
[22:06:24]   pilot_00987 ok nfail=0
[22:06:25]   pilot_00989 ok nfail=0
[22:06:25]   pilot_00988 ok nfail=0
[22:06:38]   pilot_00990 ok nfail=0
[22:06:45]   pilot_00992 ok nfail=0
[22:06:59]   pilot_00993 ok nfail=0
[22:07:02]   pilot_00991 ok nfail=0
[22:07:09]   pilot_00994 ok nfail=0
[22:07:17]   pilot_00995 ok nfail=0
[22:07:21]   pilot_00996 ok nfail=0
[22:07:34]   pilot_00998 ok nfail=0
[22:07:38]   pilot_00997 ok nfail=0
[22:07:47]   pilot_00999 ok nfail=0
[22:07:49]   pilot_01001 ok nfail=0
[22:08:01]   pilot_01000 ok nfail=0
[22:08:06]   pilot_01003 ok nfail=0
[22:08:15]   pilot_01002 ok nfail=0
[22:08:27]   pilot_01006 ok nfail=0
[22:08:28]   pilot_01004 ok nfail=0
[22:08:37]   pilot_01008 ok nfail=0
[22:08:40]   pilot_01007 ok nfail=0
[22:08:45]   pilot_01005 ok nfail=0
[22:08:53]   pilot_01010 ok nfail=0
[22:08:57]   pilot_01009 ok nfail=0
[22:09:11]   pilot_01011 ok nfail=0
[22:09:26]   pilot_01013 ok nfail=0
[22:09:37]   pilot_01012 ok nfail=0
[22:09:40]   pilot_01014 ok nfail=0
[22:09:40]   pilot_01015 ok nfail=0
[22:09:41]   pilot_01016 ok nfail=0
[22:09:44]   pilot_01017 ok nfail=0
[22:09:44]   pilot_01018 ok nfail=0
[22:09:46]   pilot_01019 ok nfail=0
[22:09:48]   pilot_01020 ok nfail=0
[22:09:51]   pilot_01021 ok nfail=0
[22:09:55]   pilot_01022 ok nfail=0
[22:09:56]   pilot_01023 ok nfail=0
[22:09:57]   pilot_01024 ok nfail=0
[22:10:00]   pilot_01025 ok nfail=0
[22:10:03]   pilot_01026 ok nfail=0
[22:10:03]   pilot_01027 ok nfail=0
[22:10:04]   pilot_01028 ok nfail=0
[22:10:09]   pilot_01030 ok nfail=0
[22:10:11]   pilot_01029 ok nfail=0
[22:10:13]   pilot_01032 ok nfail=0
[22:10:15]   pilot_01033 ok nfail=0
[22:10:15]   pilot_01036 ok nfail=0
[22:10:17]   pilot_01035 rejected nfail=0
[22:10:17]   pilot_01031 ok nfail=0
[22:10:23]   pilot_01034 ok nfail=0
[22:10:24]   pilot_01038 ok nfail=0
[22:10:25]   pilot_01037 ok nfail=0
[22:10:28]   pilot_01041 ok nfail=0
[22:10:30]   pilot_01039 ok nfail=0
[22:10:31]   pilot_01042 rejected nfail=0
[22:10:32]   pilot_01043 ok nfail=0
[22:10:32]   pilot_01040 ok nfail=0
[22:10:37]   pilot_01044 ok nfail=0
[22:10:40]   pilot_01046 ok nfail=0
[22:10:41]   pilot_01045 ok nfail=0
[22:10:43]   pilot_01047 ok nfail=0
[22:10:47]   pilot_01049 ok nfail=0
[22:10:47]   pilot_01048 ok nfail=0
[22:10:48]   pilot_01051 rejected nfail=0
[22:10:51]   pilot_01052 ok nfail=0
[22:10:52]   pilot_01050 ok nfail=0
[22:10:57]   pilot_01053 ok nfail=0
[22:10:58]   pilot_01054 ok nfail=0
[22:10:58]   pilot_01055 ok nfail=0
[22:11:04]   pilot_01056 ok nfail=0
[22:11:05]   pilot_01057 ok nfail=0
[22:11:07]   pilot_01060 ok nfail=0
[22:11:07]   pilot_01058 ok nfail=0
[22:11:08]   pilot_01059 ok nfail=0
[22:11:11]   pilot_01061 ok nfail=0
[22:11:13]   pilot_01063 ok nfail=0
[22:11:14]   pilot_01062 ok nfail=0
[22:11:17]   pilot_01065 ok nfail=0
[22:11:18]   pilot_01064 ok nfail=0
[22:11:22]   pilot_01067 ok nfail=0
[22:11:22]   pilot_01068 ok nfail=0
[22:11:24]   pilot_01066 ok nfail=0
[22:11:27]   pilot_01071 ok nfail=0
[22:11:28]   pilot_01069 ok nfail=0
[22:11:29]   pilot_01070 ok nfail=0
[22:11:32]   pilot_01073 ok nfail=0
[22:11:32]   pilot_01072 ok nfail=0
[22:11:35]   pilot_01074 ok nfail=0
[22:11:37]   pilot_01076 ok nfail=0
[22:11:38]   pilot_01075 ok nfail=0
[22:11:41]   pilot_01077 ok nfail=0
[22:11:41]   pilot_01078 ok nfail=0
[22:11:43]   pilot_01079 rejected nfail=0
[22:11:45]   pilot_01081 rejected nfail=0
[22:11:51]   pilot_01084 ok nfail=0
[22:11:52]   pilot_01080 ok nfail=0
[22:11:54]   pilot_01082 ok nfail=0
[22:11:55]   pilot_01087 ok nfail=0
[22:11:56]   pilot_01083 ok nfail=0
[22:11:57]   pilot_01088 ok nfail=0
[22:11:58]   pilot_01085 ok nfail=0
[22:12:01]   pilot_01086 ok nfail=0
[22:12:06]   pilot_01090 ok nfail=0
[22:12:06]   pilot_01089 ok nfail=0
[22:12:08]   pilot_01091 ok nfail=0
[22:12:10]   pilot_01093 rejected nfail=0
[22:12:10]   pilot_01092 ok nfail=0
[22:12:12]   pilot_01095 ok nfail=0
[22:12:17]   pilot_01094 ok nfail=0
[22:12:21]   pilot_01096 ok nfail=0
[22:12:22]   pilot_01098 ok nfail=0
[22:12:24]   pilot_01097 ok nfail=0
[22:12:24]   pilot_01100 ok nfail=0
[22:12:26]   pilot_01101 ok nfail=0
[22:12:26]   pilot_01102 ok nfail=0
[22:12:29]   pilot_01103 ok nfail=0
[22:12:31]   pilot_01099 ok nfail=0
[22:12:34]   pilot_01104 ok nfail=0
[22:12:36]   pilot_01107 ok nfail=0
[22:12:37]   pilot_01105 ok nfail=0
[22:12:38]   pilot_01106 ok nfail=0
[22:12:39]   pilot_01109 ok nfail=0
[22:12:44]   pilot_01108 ok nfail=0
[22:12:45]   pilot_01110 ok nfail=0
[22:12:47]   pilot_01111 ok nfail=0
[22:12:49]   pilot_01112 rejected nfail=0
[22:12:50]   pilot_01113 ok nfail=0
[22:12:54]   pilot_01115 ok nfail=0
[22:12:55]   pilot_01116 ok nfail=0
[22:12:56]   pilot_01114 ok nfail=0
[22:13:03]   pilot_01117 ok nfail=0
[22:13:04]   pilot_01121 ok nfail=0
[22:13:04]   pilot_01118 ok nfail=0
[22:13:07]   pilot_01120 ok nfail=0
[22:13:09]   pilot_01119 ok nfail=0
[22:13:09]   pilot_01124 ok nfail=0
[22:13:11]   pilot_01123 rejected nfail=0
[22:13:17]   pilot_01122 ok nfail=0
[22:13:18]   pilot_01127 ok nfail=0
[22:13:20]   pilot_01126 ok nfail=0
[22:13:21]   pilot_01125 ok nfail=0
[22:13:22]   pilot_01129 ok nfail=0
[22:13:22]   pilot_01128 ok nfail=0
[22:13:24]   pilot_01130 ok nfail=0
[22:13:25]   pilot_01131 ok nfail=0
[22:13:33]   pilot_01134 ok nfail=0
[22:13:33]   pilot_01132 ok nfail=0
[22:13:36]   pilot_01137 rejected nfail=0
[22:13:37]   pilot_01136 ok nfail=0
[22:13:38]   pilot_01133 ok nfail=0
[22:13:38]   pilot_01135 ok nfail=0
[22:13:39]   pilot_01139 ok nfail=0
[22:13:40]   pilot_01138 ok nfail=0
[22:13:49]   pilot_01142 ok nfail=0
[22:13:51]   pilot_01140 ok nfail=0
[22:13:53]   pilot_01145 ok nfail=0
[22:13:54]   pilot_01143 ok nfail=0
[22:13:55]   pilot_01144 ok nfail=0
[22:13:55]   pilot_01146 ok nfail=0
[22:13:55]   pilot_01141 ok nfail=0
[22:13:58]   pilot_01147 ok nfail=0
[22:14:05]   pilot_01149 ok nfail=0
[22:14:07]   pilot_01153 ok nfail=0
[22:14:10]   pilot_01151 ok nfail=0
[22:14:10]   pilot_01150 ok nfail=0
[22:14:10]   pilot_01148 ok nfail=0
[22:14:11]   pilot_01155 ok nfail=0
[22:14:12]   pilot_01152 rejected nfail=0
[22:14:12]   pilot_01154 ok nfail=0
[22:14:20]   pilot_01157 ok nfail=0
[22:14:20]   pilot_01156 ok nfail=0
[22:14:24]   pilot_01160 ok nfail=0
[22:14:25]   pilot_01162 ok nfail=0
[22:14:26]   pilot_01163 ok nfail=0
[22:14:27]   pilot_01159 ok nfail=0
[22:14:28]   pilot_01161 ok nfail=0
[22:14:28]   pilot_01158 ok nfail=0
[22:14:36]   pilot_01164 ok nfail=0
[22:14:38]   pilot_01165 ok nfail=0
[22:14:40]   pilot_01166 rejected nfail=0
[22:14:43]   pilot_01168 ok nfail=0
[22:14:44]   pilot_01167 ok nfail=0
[22:14:44]   pilot_01170 ok nfail=0
[22:14:46]   pilot_01169 ok nfail=0
[22:14:48]   pilot_01171 ok nfail=0
[22:14:51]   pilot_01173 rejected nfail=0
[22:14:58]   pilot_01175 ok nfail=0
[22:14:59]   pilot_01172 ok nfail=0
[22:15:00]   pilot_01177 ok nfail=0
[22:15:00]   pilot_01176 ok nfail=0
[22:15:00]   pilot_01174 ok nfail=0
[22:15:03]   pilot_01178 ok nfail=0
[22:15:07]   pilot_01179 ok nfail=0
[22:15:09]   pilot_01180 ok nfail=0
[22:15:16]   pilot_01181 ok nfail=0
[22:15:16]   pilot_01184 ok nfail=0
[22:15:17]   pilot_01185 ok nfail=0
[22:15:17]   pilot_01182 ok nfail=0
[22:15:18]   pilot_01186 rejected nfail=0
[22:15:19]   pilot_01183 ok nfail=0
[22:15:24]   pilot_01187 ok nfail=0
[22:15:27]   pilot_01188 ok nfail=0
[22:15:32]   pilot_01192 ok nfail=0
[22:15:32]   pilot_01191 ok nfail=0
[22:15:33]   pilot_01190 rejected nfail=0
[22:15:33]   pilot_01189 ok nfail=0
[22:15:33]   pilot_01193 ok nfail=0
[22:15:37]   pilot_01194 ok nfail=0
[22:15:40]   pilot_01195 ok nfail=0
[22:15:44]   pilot_01196 ok nfail=0
[22:15:47]   pilot_01197 ok nfail=0
[22:15:47]   pilot_01199 ok nfail=0
[22:15:50]   pilot_01198 ok nfail=0
[22:15:50]   pilot_01201 ok nfail=0
[22:15:52]   pilot_01202 ok nfail=0
[22:15:53]   pilot_01200 ok nfail=0
[22:15:57]   pilot_01203 ok nfail=0
[22:15:59]   pilot_01204 ok nfail=0
[22:16:04]   pilot_01206 ok nfail=0
[22:16:04]   pilot_01207 ok nfail=0
[22:16:05]   pilot_01205 ok nfail=0
[22:16:05]   pilot_01208 ok nfail=0
[22:16:09]   pilot_01209 ok nfail=0
[22:16:09]   pilot_01211 rejected nfail=0
[22:16:10]   pilot_01210 ok nfail=0
[22:16:16]   pilot_01212 ok nfail=0
[22:16:17]   pilot_01216 rejected nfail=0
[22:16:19]   pilot_01214 ok nfail=0
[22:16:20]   pilot_01213 ok nfail=0
[22:16:21]   pilot_01215 ok nfail=0
[22:16:24]   pilot_01217 ok nfail=0
[22:16:26]   pilot_01218 ok nfail=0
[22:16:28]   pilot_01219 ok nfail=0
[22:16:32]   pilot_01220 ok nfail=0
[22:16:33]   pilot_01221 ok nfail=0
[22:16:35]   pilot_01224 ok nfail=0
[22:16:38]   pilot_01222 ok nfail=0
[22:16:38]   pilot_01223 ok nfail=0
[22:16:38]   pilot_01225 ok nfail=0
[22:16:39]   pilot_01226 ok nfail=0
[22:16:42]   pilot_01227 ok nfail=0
[22:16:46]   pilot_01228 ok nfail=0
[22:16:49]   pilot_01230 ok nfail=0
[22:16:50]   pilot_01229 ok nfail=0
[22:16:53]   pilot_01231 ok nfail=0
[22:16:54]   pilot_01232 ok nfail=0
[22:16:55]   pilot_01234 ok nfail=0
[22:16:58]   pilot_01233 ok nfail=0
[22:17:01]   pilot_01235 ok nfail=0
[22:17:03]   pilot_01236 ok nfail=0
[22:17:04]   pilot_01237 ok nfail=0
[22:17:09]   pilot_01241 ok nfail=0
[22:17:11]   pilot_01238 ok nfail=0
[22:17:12]   pilot_01240 ok nfail=0
[22:17:14]   pilot_01242 ok nfail=0
[22:17:18]   pilot_01239 ok nfail=0
[22:17:19]   pilot_01243 ok nfail=0
[22:17:22]   pilot_01244 ok nfail=0
[22:17:23]   pilot_01245 ok nfail=0
[22:17:28]   pilot_01246 ok nfail=0
[22:17:28]   pilot_01248 ok nfail=0
[22:17:31]   pilot_01247 ok nfail=0
[22:17:32]   pilot_01249 ok nfail=0
[22:17:33]   pilot_01251 ok nfail=0
[22:17:35]   pilot_01250 ok nfail=0
[22:17:36]   pilot_01252 ok nfail=0
[22:17:38]   pilot_01253 ok nfail=0
[22:17:41]   pilot_01254 ok nfail=0
[22:17:44]   pilot_01255 ok nfail=0
[22:17:47]   pilot_01258 ok nfail=0
[22:17:49]   pilot_01259 ok nfail=0
[22:17:50]   pilot_01256 ok nfail=0
[22:17:51]   pilot_01261 ok nfail=0
[22:17:52]   pilot_01257 ok nfail=0
[22:17:52]   pilot_01260 ok nfail=0
[22:17:53]   pilot_01262 ok nfail=0
[22:18:01]   pilot_01263 ok nfail=0
[22:18:03]   pilot_01265 ok nfail=0
[22:18:04]   pilot_01264 ok nfail=0
[22:18:06]   pilot_01266 ok nfail=0
[22:18:06]   pilot_01268 ok nfail=0
[22:18:06]   pilot_01267 ok nfail=0
[22:18:10]   pilot_01270 ok nfail=0
[22:18:11]   pilot_01269 ok nfail=0
[22:18:15]   pilot_01273 ok nfail=0
[22:18:16]   pilot_01271 ok nfail=0
[22:18:17]   pilot_01272 rejected nfail=0
[22:18:19]   pilot_01276 ok nfail=0
[22:18:21]   pilot_01275 ok nfail=0
[22:18:22]   pilot_01277 ok nfail=0
[22:18:23]   pilot_01274 ok nfail=0
[22:18:26]   pilot_01278 ok nfail=0
[22:18:27]   pilot_01280 ok nfail=0
[22:18:28]   pilot_01279 rejected nfail=0
[22:18:32]   pilot_01281 ok nfail=0
[22:18:33]   pilot_01284 ok nfail=0
[22:18:33]   pilot_01283 ok nfail=0
[22:18:33]   pilot_01282 rejected nfail=0
[22:18:35]   pilot_01285 ok nfail=0
[22:18:42]   pilot_01287 ok nfail=0
[22:18:43]   pilot_01286 ok nfail=0
[22:18:43]   pilot_01288 ok nfail=0
[22:18:47]   pilot_01289 ok nfail=0
[22:18:47]   pilot_01290 ok nfail=0
[22:18:52]   pilot_01293 ok nfail=0
[22:18:53]   pilot_01292 ok nfail=0
[22:18:53]   pilot_01291 ok nfail=0
[22:18:55]   pilot_01294 ok nfail=0
[22:19:02]   pilot_01295 ok nfail=0
[22:19:03]   pilot_01297 ok nfail=0
[22:19:04]   pilot_01296 ok nfail=0
[22:19:05]   pilot_01298 ok nfail=0
[22:19:06]   pilot_01299 ok nfail=0
[22:19:08]   pilot_01300 ok nfail=0
[22:19:09]   pilot_01302 ok nfail=0
[22:19:12]   pilot_01301 ok nfail=0
[22:19:17]   pilot_01303 ok nfail=0
[22:19:19]   pilot_01304 ok nfail=0
[22:19:25]   pilot_01305 ok nfail=0
[22:19:29]   pilot_01307 ok nfail=0
[22:19:37]   pilot_01306 ok nfail=0
[22:19:52]   pilot_01310 ok nfail=0
[22:19:57]   pilot_01308 ok nfail=0
[22:19:58]   pilot_01309 ok nfail=0
[22:20:07]   pilot_01311 ok nfail=0
[22:20:10]   pilot_01312 ok nfail=0
[22:20:12]   pilot_01313 ok nfail=0
[22:20:21]   pilot_01314 ok nfail=0
[22:20:29]   pilot_01315 ok nfail=0
[22:20:45]   pilot_01317 ok nfail=0
[22:20:51]   pilot_01319 ok nfail=0
[22:20:53]   pilot_01318 ok nfail=0
[22:20:56]   pilot_01320 ok nfail=0
[22:20:58]   pilot_01316 ok nfail=0
[22:21:00]   pilot_01321 ok nfail=0
[22:21:07]   pilot_01322 ok nfail=0
[22:21:20]   pilot_01323 ok nfail=0
[22:21:24]   pilot_01325 rejected nfail=0
[22:21:25]   pilot_01324 ok nfail=0
[22:21:25]   pilot_01326 ok nfail=0
[22:21:26]   pilot_01329 ok nfail=0
[22:21:27]   pilot_01327 ok nfail=0
[22:21:28]   pilot_01330 ok nfail=0
[22:21:29]   pilot_01328 ok nfail=0
[22:21:37]   pilot_01331 ok nfail=0
[22:21:39]   pilot_01336 ok nfail=0
[22:21:40]   pilot_01332 ok nfail=0
[22:21:41]   pilot_01335 ok nfail=0
[22:21:41]   pilot_01334 ok nfail=0
[22:21:48]   pilot_01333 ok nfail=0
[22:21:48]   pilot_01337 ok nfail=0
[22:21:48]   pilot_01338 ok nfail=0
[22:21:52]   pilot_01340 ok nfail=0
[22:21:53]   pilot_01339 ok nfail=0
[22:21:54]   pilot_01341 ok nfail=0
[22:21:57]   pilot_01342 ok nfail=0
[22:22:01]   pilot_01343 ok nfail=0
[22:22:03]   pilot_01345 ok nfail=0
[22:22:04]   pilot_01346 ok nfail=0
[22:22:06]   pilot_01348 ok nfail=0
[22:22:07]   pilot_01344 ok nfail=0
[22:22:09]   pilot_01349 rejected nfail=0
[22:22:10]   pilot_01350 ok nfail=0
[22:22:13]   pilot_01347 ok nfail=0
[22:22:16]   pilot_01351 ok nfail=0
[22:22:18]   pilot_01353 ok nfail=0
[22:22:19]   pilot_01352 ok nfail=0
[22:22:20]   pilot_01354 ok nfail=0
[22:22:22]   pilot_01355 ok nfail=0
[22:22:26]   pilot_01357 ok nfail=0
[22:22:26]   pilot_01356 ok nfail=0
[22:22:29]   pilot_01358 ok nfail=0
[22:22:31]   pilot_01360 ok nfail=0
[22:22:35]   pilot_01363 ok nfail=0
[22:22:36]   pilot_01359 ok nfail=0
[22:22:38]   pilot_01362 ok nfail=0
[22:22:39]   pilot_01361 ok nfail=0
[22:22:44]   pilot_01364 ok nfail=0
[22:22:44]   pilot_01366 ok nfail=0
[22:22:46]   pilot_01365 ok nfail=0
[22:22:46]   pilot_01367 ok nfail=0
[22:22:51]   pilot_01368 ok nfail=0
[22:22:51]   pilot_01369 rejected nfail=0
[22:22:55]   pilot_01370 ok nfail=0
[22:22:55]   pilot_01371 ok nfail=0
[22:22:58]   pilot_01372 ok nfail=0
[22:23:01]   pilot_01374 ok nfail=0
[22:23:01]   pilot_01373 ok nfail=0
[22:23:04]   pilot_01375 ok nfail=0
[22:23:07]   pilot_01377 ok nfail=0
[22:23:09]   pilot_01376 ok nfail=0
[22:23:09]   pilot_01379 ok nfail=0
[22:23:10]   pilot_01380 ok nfail=0
[22:23:14]   pilot_01378 ok nfail=0
[22:23:17]   pilot_01381 ok nfail=0
[22:23:19]   pilot_01383 ok nfail=0
[22:23:21]   pilot_01382 ok nfail=0
[22:23:24]   pilot_01385 ok nfail=0
[22:23:26]   pilot_01384 ok nfail=0
[22:23:29]   pilot_01389 ok nfail=0
[22:23:29]   pilot_01388 ok nfail=0
[22:23:31]   pilot_01387 ok nfail=0
[22:23:32]   pilot_01386 ok nfail=0
[22:23:38]   pilot_01390 ok nfail=0
[22:23:40]   pilot_01391 ok nfail=0
[22:23:41]   pilot_01392 ok nfail=0
[22:23:42]   pilot_01394 ok nfail=0
[22:23:47]   pilot_01393 ok nfail=0
[22:23:47]   pilot_01397 ok nfail=0
[22:23:48]   pilot_01396 ok nfail=0
[22:23:50]   pilot_01395 ok nfail=0
[22:23:54]   pilot_01400 ok nfail=0
[22:23:55]   pilot_01398 ok nfail=0
[22:23:57]   pilot_01401 ok nfail=0
[22:23:58]   pilot_01399 ok nfail=0
[22:24:01]   pilot_01403 ok nfail=0
[22:24:04]   pilot_01404 ok nfail=0
[22:24:05]   pilot_01405 ok nfail=0
[22:24:05]   pilot_01402 ok nfail=0
[22:24:06]   pilot_01406 ok nfail=0
[22:24:09]   pilot_01407 ok nfail=0
[22:24:09]   pilot_01408 ok nfail=0
[22:24:16]   pilot_01410 ok nfail=0
[22:24:16]   pilot_01409 ok nfail=0
[22:24:17]   pilot_01413 ok nfail=0
[22:24:18]   pilot_01411 ok nfail=0
[22:24:20]   pilot_01414 ok nfail=0
[22:24:21]   pilot_01412 ok nfail=0
[22:24:23]   pilot_01415 rejected nfail=0
[22:24:25]   pilot_01416 ok nfail=0
[22:24:30]   pilot_01417 ok nfail=0
[22:24:31]   pilot_01418 ok nfail=0
[22:24:32]   pilot_01419 ok nfail=0
[22:24:35]   pilot_01420 ok nfail=0
[22:24:35]   pilot_01422 ok nfail=0
[22:24:37]   pilot_01421 ok nfail=0
[22:24:38]   pilot_01423 ok nfail=0
[22:24:39]   pilot_01424 ok nfail=0
[22:24:45]   pilot_01427 ok nfail=0
[22:24:46]   pilot_01426 ok nfail=0
[22:24:47]   pilot_01425 ok nfail=0
[22:24:49]   pilot_01429 ok nfail=0
[22:24:49]   pilot_01428 ok nfail=0
[22:24:53]   pilot_01431 ok nfail=0
[22:24:55]   pilot_01432 ok nfail=0
[22:24:56]   pilot_01430 ok nfail=0
[22:24:59]   pilot_01435 ok nfail=0
[22:25:00]   pilot_01436 ok nfail=0
[22:25:03]   pilot_01434 ok nfail=0
[22:25:03]   pilot_01433 ok nfail=0
[22:25:05]   pilot_01437 ok nfail=0
[22:25:05]   pilot_01438 ok nfail=0
[22:25:11]   pilot_01439 ok nfail=0
[22:25:13]   pilot_01440 ok nfail=0
[22:25:13]   pilot_01442 rejected nfail=0
[22:25:15]   pilot_01441 ok nfail=0
[22:25:17]   pilot_01444 ok nfail=0
[22:25:19]   pilot_01445 ok nfail=0
[22:25:19]   pilot_01443 ok nfail=0
[22:25:23]   pilot_01446 ok nfail=0
[22:25:25]   pilot_01447 ok nfail=0
[22:25:27]   pilot_01449 ok nfail=0
[22:25:29]   pilot_01448 ok nfail=0
[22:25:31]   pilot_01451 ok nfail=0
[22:25:33]   pilot_01450 ok nfail=0
[22:25:35]   pilot_01453 ok nfail=0
[22:25:35]   pilot_01452 ok nfail=0
[22:25:36]   pilot_01454 ok nfail=0
[22:25:40]   pilot_01456 rejected nfail=0
[22:25:43]   pilot_01455 ok nfail=0
[22:25:43]   pilot_01458 ok nfail=0
[22:25:45]   pilot_01457 ok nfail=0
[22:25:47]   pilot_01459 rejected nfail=0
[22:25:48]   pilot_01461 ok nfail=0
[22:25:52]   pilot_01460 ok nfail=0
[22:25:56]   pilot_01462 ok nfail=0
[22:25:57]   pilot_01463 ok nfail=0
[22:26:00]   pilot_01464 rejected nfail=0
[22:26:00]   pilot_01465 ok nfail=0
[22:26:01]   pilot_01468 ok nfail=0
[22:26:02]   pilot_01467 ok nfail=0
[22:26:03]   pilot_01466 ok nfail=0
[22:26:09]   pilot_01469 ok nfail=0
[22:26:13]   pilot_01471 ok nfail=0
[22:26:14]   pilot_01472 ok nfail=0
[22:26:15]   pilot_01473 ok nfail=0
[22:26:16]   pilot_01475 ok nfail=0
[22:26:19]   pilot_01470 ok nfail=0
[22:26:20]   pilot_01476 ok nfail=0
[22:26:21]   pilot_01474 ok nfail=0
[22:26:24]   pilot_01477 ok nfail=0
[22:26:28]   pilot_01480 ok nfail=0
[22:26:28]   pilot_01481 ok nfail=0
[22:26:29]   pilot_01478 ok nfail=0
[22:26:30]   pilot_01479 ok nfail=0
[22:26:33]   pilot_01482 ok nfail=0
[22:26:35]   pilot_01484 ok nfail=0
[22:26:37]   pilot_01485 ok nfail=0
[22:26:37]   pilot_01483 ok nfail=0
[22:26:43]   pilot_01488 ok nfail=0
[22:26:44]   pilot_01489 ok nfail=0
[22:26:45]   pilot_01487 ok nfail=0
[22:26:47]   pilot_01486 rejected nfail=0
[22:26:49]   pilot_01490 ok nfail=0
[22:26:50]   pilot_01491 ok nfail=0
[22:26:54]   pilot_01492 ok nfail=0
[22:26:57]   pilot_01495 ok nfail=0
[22:26:59]   pilot_01493 ok nfail=0
[22:27:01]   pilot_01494 ok nfail=0
[22:27:01]   pilot_01499 ok nfail=0
[22:27:02]   pilot_01496 ok nfail=0
[22:27:03]   pilot_01497 ok nfail=0
[22:27:03]   pilot_01498 ok nfail=0
[22:27:11]   pilot_01500 ok nfail=0
[22:27:11]   pilot_01502 ok nfail=0
[22:27:14]   pilot_01504 ok nfail=0
[22:27:15]   pilot_01506 ok nfail=0
[22:27:16]   pilot_01505 ok nfail=0
[22:27:16]   pilot_01507 ok nfail=0
[22:27:17]   pilot_01503 ok nfail=0
[22:27:18]   pilot_01501 ok nfail=0
[22:27:25]   pilot_01508 ok nfail=0
[22:27:27]   pilot_01510 ok nfail=0
[22:27:27]   pilot_01509 ok nfail=0
[22:27:30]   pilot_01515 ok nfail=0
[22:27:32]   pilot_01511 ok nfail=0
[22:27:32]   pilot_01513 ok nfail=0
[22:27:33]   pilot_01514 ok nfail=0
[22:27:33]   pilot_01512 ok nfail=0
[22:27:37]   pilot_01516 ok nfail=0
[22:27:40]   pilot_01518 ok nfail=0
[22:27:43]   pilot_01517 ok nfail=0
[22:27:44]   pilot_01519 ok nfail=0
[22:27:45]   pilot_01520 ok nfail=0
[22:27:49]   pilot_01522 ok nfail=0
[22:27:50]   pilot_01521 ok nfail=0
[22:27:52]   pilot_01523 ok nfail=0
[22:27:52]   pilot_01524 ok nfail=0
[22:27:55]   pilot_01526 ok nfail=0
[22:27:59]   pilot_01525 ok nfail=0
[22:27:59]   pilot_01528 ok nfail=0
[22:27:59]   pilot_01527 ok nfail=0
[22:28:05]   pilot_01529 rejected nfail=0
[22:28:06]   pilot_01531 ok nfail=0
[22:28:10]   pilot_01533 ok nfail=0
[22:28:10]   pilot_01530 ok nfail=0
[22:28:12]   pilot_01535 ok nfail=0
[22:28:12]   pilot_01532 ok nfail=0
[22:28:13]   pilot_01536 ok nfail=0
[22:28:15]   pilot_01534 ok nfail=0
[22:28:20]   pilot_01537 ok nfail=0
[22:28:22]   pilot_01538 ok nfail=0
[22:28:24]   pilot_01539 ok nfail=0
[22:28:25]   pilot_01540 rejected nfail=0
[22:28:27]   pilot_01541 ok nfail=0
[22:28:27]   pilot_01544 ok nfail=0
[22:28:27]   pilot_01543 ok nfail=0
[22:28:28]   pilot_01542 ok nfail=0
[22:28:38]   pilot_01545 ok nfail=0
[22:28:40]   pilot_01546 ok nfail=0
[22:28:40]   pilot_01547 ok nfail=0
[22:28:41]   pilot_01551 ok nfail=0
[22:28:41]   pilot_01548 ok nfail=0
[22:28:42]   pilot_01552 ok nfail=0
[22:28:42]   pilot_01549 ok nfail=0
[22:28:44]   pilot_01550 ok nfail=0
[22:28:52]   pilot_01553 ok nfail=0
[22:28:53]   pilot_01554 ok nfail=0
[22:28:53]   pilot_01557 rejected nfail=0
[22:28:55]   pilot_01558 ok nfail=0
[22:28:56]   pilot_01559 ok nfail=0
[22:28:57]   pilot_01556 ok nfail=0
[22:28:59]   pilot_01555 ok nfail=0
[22:29:04]   pilot_01560 ok nfail=0
[22:29:05]   pilot_01561 ok nfail=0
[22:29:07]   pilot_01563 ok nfail=0
[22:29:11]   pilot_01562 ok nfail=0
[22:29:12]   pilot_01566 ok nfail=0
[22:29:13]   pilot_01565 ok nfail=0
[22:29:13]   pilot_01567 ok nfail=0
[22:29:18]   pilot_01564 ok nfail=0
[22:29:18]   pilot_01568 ok nfail=0
[22:29:23]   pilot_01569 ok nfail=0
[22:29:24]   pilot_01570 ok nfail=0
[22:29:27]   pilot_01572 ok nfail=0
[22:29:30]   pilot_01571 ok nfail=0
[22:29:30]   pilot_01573 ok nfail=0
[22:29:31]   pilot_01574 ok nfail=0
[22:29:33]   pilot_01576 ok nfail=0
[22:29:33]   pilot_01575 rejected nfail=0
[22:29:38]   pilot_01578 ok nfail=0
[22:29:39]   pilot_01577 ok nfail=0
[22:29:45]   pilot_01581 ok nfail=0
[22:29:45]   pilot_01579 ok nfail=0
[22:29:46]   pilot_01580 ok nfail=0
[22:29:48]   pilot_01582 ok nfail=0
[22:29:51]   pilot_01583 ok nfail=0
[22:29:53]   pilot_01584 ok nfail=0
[22:29:55]   pilot_01586 ok nfail=0
[22:29:57]   pilot_01585 ok nfail=0
[22:30:00]   pilot_01587 ok nfail=0
[22:30:00]   pilot_01588 ok nfail=0
[22:30:02]   pilot_01589 ok nfail=0
[22:30:05]   pilot_01590 ok nfail=0
[22:30:13]   pilot_01592 ok nfail=0
[22:30:13]   pilot_01591 ok nfail=0
[22:30:15]   pilot_01593 ok nfail=0
[22:30:17]   pilot_01594 ok nfail=0
[22:30:17]   pilot_01595 ok nfail=0
[22:30:18]   pilot_01597 ok nfail=0
[22:30:19]   pilot_01596 ok nfail=0
[22:30:22]   pilot_01598 ok nfail=0
[22:30:27]   pilot_01600 ok nfail=0
[22:30:29]   pilot_01599 ok nfail=0
[22:30:30]   pilot_01601 ok nfail=0
[22:30:30]   pilot_01603 ok nfail=0
[22:30:33]   pilot_01602 ok nfail=0
[22:30:33]   pilot_01604 ok nfail=0
[22:30:33]   pilot_01605 ok nfail=0
[22:30:36]   pilot_01606 ok nfail=0
[22:30:40]   pilot_01607 ok nfail=0
[22:30:44]   pilot_01609 ok nfail=0
[22:30:46]   pilot_01610 ok nfail=0
[22:30:46]   pilot_01611 ok nfail=0
[22:30:47]   pilot_01612 ok nfail=0
[22:30:47]   pilot_01608 ok nfail=0
[22:30:49]   pilot_01613 ok nfail=0
[22:30:50]   pilot_01614 ok nfail=0
[22:30:57]   pilot_01615 ok nfail=0
[22:31:01]   pilot_01621 rejected nfail=0
[22:31:02]   pilot_01620 ok nfail=0
[22:31:02]   pilot_01619 ok nfail=0
[22:31:02]   pilot_01617 ok nfail=0
[22:31:04]   pilot_01622 ok nfail=0
[22:31:05]   pilot_01618 ok nfail=0
[22:31:05]   pilot_01616 ok nfail=0
[22:31:10]   pilot_01623 ok nfail=0
[22:31:16]   pilot_01624 ok nfail=0
[22:31:19]   pilot_01630 ok nfail=0
[22:31:20]   pilot_01625 ok nfail=0
[22:31:20]   pilot_01628 ok nfail=0
[22:31:21]   pilot_01629 ok nfail=0
[22:31:22]   pilot_01631 ok nfail=0
[22:31:23]   pilot_01627 ok nfail=0
[22:31:24]   pilot_01626 ok nfail=0
[22:31:35]   pilot_01632 ok nfail=0
[22:31:35]   pilot_01636 ok nfail=0
[22:31:35]   pilot_01634 ok nfail=0
[22:31:35]   pilot_01637 rejected nfail=0
[22:31:35]   pilot_01633 ok nfail=0
[22:31:39]   pilot_01639 ok nfail=0
[22:31:40]   pilot_01638 ok nfail=0
[22:31:41]   pilot_01635 ok nfail=0
[22:31:48]   pilot_01640 ok nfail=0
[22:31:48]   pilot_01643 ok nfail=0
[22:31:50]   pilot_01644 ok nfail=0
[22:31:52]   pilot_01641 ok nfail=0
[22:31:53]   pilot_01642 ok nfail=0
[22:31:53]   pilot_01645 ok nfail=0
[22:31:53]   pilot_01646 ok nfail=0
[22:31:57]   pilot_01647 ok nfail=0
[22:32:02]   pilot_01649 ok nfail=0
[22:32:04]   pilot_01648 ok nfail=0
[22:32:05]   pilot_01650 ok nfail=0
[22:32:07]   pilot_01651 rejected nfail=0
[22:32:08]   pilot_01653 ok nfail=0
[22:32:10]   pilot_01654 ok nfail=0
[22:32:10]   pilot_01652 ok nfail=0
[22:32:12]   pilot_01655 ok nfail=0
[22:32:18]   pilot_01656 ok nfail=0
[22:32:19]   pilot_01657 rejected nfail=0
[22:32:22]   pilot_01659 ok nfail=0
[22:32:25]   pilot_01658 ok nfail=0
[22:32:25]   pilot_01661 ok nfail=0
[22:32:26]   pilot_01663 ok nfail=0
[22:32:27]   pilot_01660 ok nfail=0
[22:32:30]   pilot_01662 ok nfail=0
[22:32:35]   pilot_01664 ok nfail=0
[22:32:36]   pilot_01665 ok nfail=0
[22:32:39]   pilot_01666 ok nfail=0
[22:32:40]   pilot_01667 ok nfail=0
[22:32:41]   pilot_01668 ok nfail=0
[22:32:44]   pilot_01670 ok nfail=0
[22:32:45]   pilot_01669 ok nfail=0
[22:32:48]   pilot_01672 ok nfail=0
[22:32:49]   pilot_01671 ok nfail=0
[22:32:51]   pilot_01673 rejected nfail=0
[22:32:53]   pilot_01674 ok nfail=0
[22:32:57]   pilot_01675 ok nfail=0
[22:32:57]   pilot_01676 ok nfail=0
[22:33:00]   pilot_01677 ok nfail=0
[22:33:03]   pilot_01678 ok nfail=0
[22:33:04]   pilot_01681 ok nfail=0
[22:33:06]   pilot_01680 ok nfail=0
[22:33:06]   pilot_01682 ok nfail=0
[22:33:07]   pilot_01679 ok nfail=0
[22:33:12]   pilot_01684 ok nfail=0
[22:33:13]   pilot_01685 rejected nfail=0
[22:33:15]   pilot_01683 ok nfail=0
[22:33:16]   pilot_01686 ok nfail=0
[22:33:18]   pilot_01687 ok nfail=0
[22:33:19]   pilot_01688 ok nfail=0
[22:33:19]   pilot_01689 ok nfail=0
[22:33:25]   pilot_01690 ok nfail=0
[22:33:28]   pilot_01692 ok nfail=0
[22:33:28]   pilot_01691 ok nfail=0
[22:33:29]   pilot_01693 ok nfail=0
[22:33:35]   pilot_01696 ok nfail=0
[22:33:35]   pilot_01694 ok nfail=0
[22:33:36]   pilot_01695 ok nfail=0
[22:33:40]   pilot_01697 ok nfail=0
[22:33:47]   pilot_01698 ok nfail=0
[22:33:49]   pilot_01699 rejected nfail=0
[22:33:53]   pilot_01701 ok nfail=0
[22:33:56]   pilot_01700 ok nfail=0
[22:34:00]   pilot_01703 ok nfail=0
[22:34:02]   pilot_01702 ok nfail=0
[22:34:03]   pilot_01704 ok nfail=0
[22:34:04]   pilot_01705 ok nfail=0
[22:34:08]   pilot_01706 ok nfail=0
[22:34:12]   pilot_01708 ok nfail=0
[22:34:13]   pilot_01707 ok nfail=0
[22:34:17]   pilot_01709 rejected nfail=0
[22:34:20]   pilot_01713 ok nfail=0
[22:34:20]   pilot_01712 ok nfail=0
[22:34:21]   pilot_01710 ok nfail=0
[22:34:21]   pilot_01711 ok nfail=0
[22:34:29]   pilot_01714 ok nfail=0
[22:34:31]   pilot_01716 ok nfail=0
[22:34:34]   pilot_01715 ok nfail=0
[22:34:37]   pilot_01717 ok nfail=0
[22:34:38]   pilot_01721 ok nfail=0
[22:34:38]   pilot_01718 ok nfail=0
[22:34:44]   pilot_01720 ok nfail=0
[22:34:45]   pilot_01719 ok nfail=0
[22:34:47]   pilot_01722 ok nfail=0
[22:34:50]   pilot_01723 ok nfail=0
[22:34:50]   pilot_01726 ok nfail=0
[22:34:51]   pilot_01724 ok nfail=0
[22:34:53]   pilot_01725 ok nfail=0
[22:34:54]   pilot_01727 ok nfail=0
[22:34:59]   pilot_01730 ok nfail=0
[22:34:59]   pilot_01729 ok nfail=0
[22:35:02]   pilot_01728 ok nfail=0
[22:35:04]   pilot_01732 ok nfail=0
[22:35:06]   pilot_01731 ok nfail=0
[22:35:09]   pilot_01733 ok nfail=0
[22:35:10]   pilot_01734 ok nfail=0
[22:35:10]   pilot_01735 ok nfail=0
[22:35:12]   pilot_01737 ok nfail=0
[22:35:15]   pilot_01736 ok nfail=0
[22:35:16]   pilot_01738 ok nfail=0
[22:35:18]   pilot_01739 ok nfail=0
[22:35:23]   pilot_01743 ok nfail=0
[22:35:24]   pilot_01741 ok nfail=0
[22:35:24]   pilot_01744 ok nfail=0
[22:35:24]   pilot_01740 ok nfail=0
[22:35:26]   pilot_01742 ok nfail=0
[22:35:29]   pilot_01745 ok nfail=0
[22:35:31]   pilot_01746 ok nfail=0
[22:35:34]   pilot_01747 ok nfail=0
[22:35:38]   pilot_01752 ok nfail=0
[22:35:38]   pilot_01750 rejected nfail=0
[22:35:38]   pilot_01751 ok nfail=0
[22:35:39]   pilot_01749 ok nfail=0
[22:35:40]   pilot_01748 ok nfail=0
[22:35:41]   pilot_01753 ok nfail=0
[22:35:44]   pilot_01754 ok nfail=0
[22:35:49]   pilot_01755 ok nfail=0
[22:35:50]   pilot_01756 ok nfail=0
[22:35:52]   pilot_01759 ok nfail=0
[22:35:53]   pilot_01757 ok nfail=0
[22:35:55]   pilot_01758 ok nfail=0
[22:35:57]   pilot_01761 ok nfail=0
[22:35:58]   pilot_01762 ok nfail=0
[22:36:05]   pilot_01760 ok nfail=0
[22:36:07]   pilot_01763 ok nfail=0
[22:36:07]   pilot_01764 ok nfail=0
[22:36:08]   pilot_01765 ok nfail=0
[22:36:11]   pilot_01766 ok nfail=0
[22:36:12]   pilot_01768 ok nfail=0
[22:36:13]   pilot_01769 ok nfail=0
[22:36:14]   pilot_01767 ok nfail=0
[22:36:19]   pilot_01770 ok nfail=0
[22:36:23]   pilot_01773 ok nfail=0
[22:36:25]   pilot_01772 ok nfail=0
[22:36:25]   pilot_01774 rejected nfail=0
[22:36:27]   pilot_01771 ok nfail=0
[22:36:28]   pilot_01775 ok nfail=0
[22:36:29]   pilot_01776 ok nfail=0
[22:36:30]   pilot_01777 ok nfail=0
[22:36:34]   pilot_01778 ok nfail=0
[22:36:37]   pilot_01779 ok nfail=0
[22:36:39]   pilot_01780 ok nfail=0
[22:36:39]   pilot_01781 ok nfail=0
[22:36:41]   pilot_01782 ok nfail=0
[22:36:43]   pilot_01783 ok nfail=0
[22:36:45]   pilot_01785 ok nfail=0
[22:36:49]   pilot_01784 ok nfail=0
[22:36:50]   pilot_01786 ok nfail=0
[22:36:51]   pilot_01788 ok nfail=0
[22:36:54]   pilot_01789 ok nfail=0
[22:36:55]   pilot_01790 ok nfail=0
[22:36:57]   pilot_01787 ok nfail=0
[22:36:57]   pilot_01791 ok nfail=0
[22:37:00]   pilot_01793 ok nfail=0
[22:37:02]   pilot_01792 ok nfail=0
[22:37:04]   pilot_01795 ok nfail=0
[22:37:06]   pilot_01794 ok nfail=0
[22:37:09]   pilot_01797 ok nfail=0
[22:37:11]   pilot_01796 ok nfail=0
[22:37:13]   pilot_01799 ok nfail=0
[22:37:16]   pilot_01800 rejected nfail=0
[22:37:19]   pilot_01801 ok nfail=0
[22:37:20]   pilot_01798 ok nfail=0
[22:37:21]   pilot_01802 ok nfail=0
[22:37:22]   pilot_01803 ok nfail=0
[22:37:28]   pilot_01804 ok nfail=0
[22:37:30]   pilot_01806 ok nfail=0
[22:37:32]   pilot_01808 ok nfail=0
[22:37:32]   pilot_01805 ok nfail=0
[22:37:34]   pilot_01809 ok nfail=0
[22:37:35]   pilot_01807 ok nfail=0
[22:37:35]   pilot_01811 ok nfail=0
[22:37:36]   pilot_01810 ok nfail=0
[22:37:39]   pilot_01812 ok nfail=0
[22:37:48]   pilot_01816 ok nfail=0
[22:37:49]   pilot_01814 ok nfail=0
[22:37:50]   pilot_01813 ok nfail=0
[22:37:50]   pilot_01815 ok nfail=0
[22:37:52]   pilot_01819 ok nfail=0
[22:37:52]   pilot_01817 ok nfail=0
[22:37:53]   pilot_01818 ok nfail=0
[22:37:58]   pilot_01820 ok nfail=0
[22:38:01]   pilot_01822 ok nfail=0
[22:38:01]   pilot_01821 ok nfail=0
[22:38:04]   pilot_01823 ok nfail=0
[22:38:05]   pilot_01827 ok nfail=0
[22:38:06]   pilot_01824 ok nfail=0
[22:38:07]   pilot_01826 ok nfail=0
[22:38:07]   pilot_01825 ok nfail=0
[22:38:14]   pilot_01828 rejected nfail=0
[22:38:15]   pilot_01830 ok nfail=0
[22:38:18]   pilot_01831 ok nfail=0
[22:38:19]   pilot_01833 ok nfail=0
[22:38:19]   pilot_01835 ok nfail=0
[22:38:19]   pilot_01829 ok nfail=0
[22:38:21]   pilot_01832 ok nfail=0
[22:38:26]   pilot_01834 ok nfail=0
[22:38:28]   pilot_01836 ok nfail=0
[22:38:28]   pilot_01837 ok nfail=0
[22:38:32]   pilot_01839 ok nfail=0
[22:38:33]   pilot_01841 ok nfail=0
[22:38:34]   pilot_01842 ok nfail=0
[22:38:36]   pilot_01840 ok nfail=0
[22:38:36]   pilot_01838 ok nfail=0
[22:38:39]   pilot_01843 ok nfail=0
[22:38:42]   pilot_01845 ok nfail=0
[22:38:45]   pilot_01847 ok nfail=0
[22:38:47]   pilot_01846 ok nfail=0
[22:38:47]   pilot_01844 ok nfail=0
[22:38:49]   pilot_01849 ok nfail=0
[22:38:49]   pilot_01850 ok nfail=0
[22:38:52]   pilot_01848 ok nfail=0
[22:38:52]   pilot_01851 ok nfail=0
[22:38:57]   pilot_01852 ok nfail=0
[22:38:57]   pilot_01853 ok nfail=0
[22:39:00]   pilot_01856 ok nfail=0
[22:39:01]   pilot_01854 ok nfail=0
[22:39:04]   pilot_01858 ok nfail=0
[22:39:05]   pilot_01857 ok nfail=0
[22:39:07]   pilot_01855 ok nfail=0
[22:39:08]   pilot_01859 ok nfail=0
[22:39:10]   pilot_01860 ok nfail=0
[22:39:14]   pilot_01863 ok nfail=0
[22:39:15]   pilot_01862 ok nfail=0
[22:39:16]   pilot_01861 ok nfail=0
[22:39:18]   pilot_01864 ok nfail=0
[22:39:19]   pilot_01865 ok nfail=0
[22:39:21]   pilot_01867 rejected nfail=0
[22:39:25]   pilot_01866 ok nfail=0
[22:39:28]   pilot_01868 ok nfail=0
[22:39:29]   pilot_01870 ok nfail=0
[22:39:30]   pilot_01869 ok nfail=0
[22:39:32]   pilot_01872 ok nfail=0
[22:39:33]   pilot_01871 ok nfail=0
[22:39:36]   pilot_01873 ok nfail=0
[22:39:36]   pilot_01874 ok nfail=0
[22:39:42]   pilot_01875 ok nfail=0
[22:39:42]   pilot_01876 ok nfail=0
[22:39:43]   pilot_01877 ok nfail=0
[22:39:48]   pilot_01879 rejected nfail=0
[22:39:49]   pilot_01878 ok nfail=0
[22:39:49]   pilot_01881 ok nfail=0
[22:39:49]   pilot_01882 ok nfail=0
[22:39:51]   pilot_01880 ok nfail=0
[22:39:54]   pilot_01883 rejected nfail=0
[22:39:55]   pilot_01884 ok nfail=0
[22:39:57]   pilot_01885 ok nfail=0
[22:40:01]   pilot_01888 ok nfail=0
[22:40:01]   pilot_01886 ok nfail=0
[22:40:02]   pilot_01887 ok nfail=0
[22:40:04]   pilot_01889 rejected nfail=0
[22:40:05]   pilot_01890 ok nfail=0
[22:40:07]   pilot_01891 ok nfail=0
[22:40:07]   pilot_01892 ok nfail=0
[22:40:10]   pilot_01893 ok nfail=0
[22:40:14]   pilot_01894 ok nfail=0
[22:40:14]   pilot_01896 ok nfail=0
[22:40:19]   pilot_01895 ok nfail=0
[22:40:20]   pilot_01897 rejected nfail=0
[22:40:21]   pilot_01899 ok nfail=0
[22:40:22]   pilot_01900 ok nfail=0
[22:40:22]   pilot_01898 ok nfail=0
[22:40:24]   pilot_01901 ok nfail=0
[22:40:26]   pilot_01902 ok nfail=0
[22:40:30]   pilot_01903 ok nfail=0
[22:40:33]   pilot_01904 ok nfail=0
[22:40:35]   pilot_01906 ok nfail=0
[22:40:35]   pilot_01905 ok nfail=0
[22:40:36]   pilot_01909 ok nfail=0
[22:40:37]   pilot_01907 ok nfail=0
[22:40:38]   pilot_01908 ok nfail=0
[22:40:40]   pilot_01910 ok nfail=0
[22:40:45]   pilot_01911 ok nfail=0
[22:40:47]   pilot_01912 ok nfail=0
[22:40:48]   pilot_01913 ok nfail=0
[22:40:50]   pilot_01915 ok nfail=0
[22:40:51]   pilot_01914 ok nfail=0
[22:40:52]   pilot_01916 ok nfail=0
[22:40:54]   pilot_01918 ok nfail=0
[22:40:59]   pilot_01917 ok nfail=0
[22:40:59]   pilot_01919 ok nfail=0
[22:41:03]   pilot_01920 ok nfail=0
[22:41:05]   pilot_01923 ok nfail=0
[22:41:05]   pilot_01921 rejected nfail=0
[22:41:07]   pilot_01924 ok nfail=0
[22:41:08]   pilot_01925 ok nfail=0
[22:41:08]   pilot_01922 ok nfail=0
[22:41:12]   pilot_01926 ok nfail=0
[22:41:17]   pilot_01927 ok nfail=0
[22:41:18]   pilot_01928 ok nfail=0
[22:41:19]   pilot_01929 rejected nfail=0
[22:41:21]   pilot_01931 ok nfail=0
[22:41:21]   pilot_01930 ok nfail=0
[22:41:22]   pilot_01932 ok nfail=0
[22:41:23]   pilot_01933 ok nfail=0
[22:41:31]   pilot_01935 ok nfail=0
[22:41:33]   pilot_01936 ok nfail=0
[22:41:34]   pilot_01934 ok nfail=0
[22:41:35]   pilot_01939 ok nfail=0
[22:41:35]   pilot_01940 ok nfail=0
[22:41:36]   pilot_01937 ok nfail=0
[22:41:36]   pilot_01941 ok nfail=0
[22:41:41]   pilot_01938 ok nfail=0
[22:41:43]   pilot_01942 ok nfail=0
[22:41:47]   pilot_01946 ok nfail=0
[22:41:48]   pilot_01945 ok nfail=0
[22:41:49]   pilot_01944 ok nfail=0
[22:41:49]   pilot_01948 ok nfail=0
[22:41:50]   pilot_01943 ok nfail=0
[22:41:52]   pilot_01947 ok nfail=0
[22:41:53]   pilot_01949 ok nfail=0
[22:41:56]   pilot_01950 ok nfail=0
[22:42:00]   pilot_01952 ok nfail=0
[22:42:02]   pilot_01953 ok nfail=0
[22:42:02]   pilot_01951 ok nfail=0
[22:42:04]   pilot_01954 ok nfail=0
[22:42:06]   pilot_01957 ok nfail=0
[22:42:07]   pilot_01955 ok nfail=0
[22:42:10]   pilot_01956 ok nfail=0
[22:42:12]   pilot_01958 ok nfail=0
[22:42:13]   pilot_01960 ok nfail=0
[22:42:16]   pilot_01961 rejected nfail=0
[22:42:18]   pilot_01959 ok nfail=0
[22:42:19]   pilot_01964 rejected nfail=0
[22:42:19]   pilot_01962 ok nfail=0
[22:42:21]   pilot_01963 ok nfail=0
[22:42:26]   pilot_01967 rejected nfail=0
[22:42:27]   pilot_01965 ok nfail=0
[22:42:31]   pilot_01971 ok nfail=0
[22:42:31]   pilot_01969 ok nfail=0
[22:42:32]   pilot_01966 ok nfail=0
[22:42:32]   pilot_01968 ok nfail=0
[22:42:33]   pilot_01970 ok nfail=0
[22:42:34]   pilot_01972 ok nfail=0
[22:42:40]   pilot_01974 ok nfail=0
[22:42:40]   pilot_01973 ok nfail=0
[22:42:43]   pilot_01975 ok nfail=0
[22:42:46]   pilot_01980 ok nfail=0
[22:42:48]   pilot_01977 ok nfail=0
[22:42:48]   pilot_01979 ok nfail=0
[22:42:48]   pilot_01978 ok nfail=0
[22:42:49]   pilot_01976 ok nfail=0
[22:42:54]   pilot_01982 ok nfail=0
[22:42:55]   pilot_01981 ok nfail=0
[22:43:00]   pilot_01985 ok nfail=0
[22:43:00]   pilot_01983 ok nfail=0
[22:43:02]   pilot_01987 ok nfail=0
[22:43:03]   pilot_01986 ok nfail=0
[22:43:03]   pilot_01988 ok nfail=0
[22:43:04]   pilot_01984 ok nfail=0
[22:43:07]   pilot_01990 ok nfail=0
[22:43:10]   pilot_01989 ok nfail=0
[22:43:12]   pilot_01992 ok nfail=0
[22:43:14]   pilot_01991 ok nfail=0
[22:43:14]   pilot_01993 ok nfail=0
[22:43:16]   pilot_01994 ok nfail=0
[22:43:17]   pilot_01996 ok nfail=0
[22:43:18]   pilot_01995 ok nfail=0
[22:43:19]   pilot_01997 ok nfail=0
[22:43:23]   pilot_01998 ok nfail=0
[22:43:26]   pilot_01999 ok nfail=0
[22:43:26] ok=1896 newton_failed=0 rejected=104 error=0  rate=1.000000
