[23:15:03] Nx512 Cr0==1 on all4? True
[23:15:06] pilot_01342 none short nx=64 twin-ref=0.000e+00 prod-twin=4.213e-16 PASS
[23:15:07] pilot_00163 none short nx=64 twin-ref=0.000e+00 prod-twin=8.911e-16 PASS
[23:15:10] pilot_00543 none short nx=64 twin-ref=0.000e+00 prod-twin=4.523e-15 PASS
[23:15:12] pilot_01320 none short nx=64 twin-ref=0.000e+00 prod-twin=1.461e-15 PASS
[23:15:15] pilot_01342 darcy short nx=64 twin-ref=0.000e+00 prod-twin=3.347e-16 PASS
[23:15:18] pilot_00163 darcy short nx=64 twin-ref=0.000e+00 prod-twin=1.508e-15 PASS
[23:15:21] pilot_00543 darcy short nx=64 twin-ref=0.000e+00 prod-twin=2.260e-15 PASS
[23:15:24] pilot_01320 darcy short nx=64 twin-ref=0.000e+00 prod-twin=1.892e-15 PASS
[23:15:32] pilot_01342 none short nx=512 twin-ref=0.000e+00 prod-twin=1.329e-16 PASS
[23:15:40] pilot_00163 none short nx=512 twin-ref=0.000e+00 prod-twin=1.291e-15 PASS
[23:15:46] pilot_00543 none short nx=512 twin-ref=0.000e+00 prod-twin=2.488e-16 PASS
[23:15:53] pilot_01320 none short nx=512 twin-ref=0.000e+00 prod-twin=1.488e-16 PASS
[23:16:06] pilot_01342 darcy short nx=512 twin-ref=0.000e+00 prod-twin=5.980e-16 PASS
[23:16:18] pilot_00163 darcy short nx=512 twin-ref=0.000e+00 prod-twin=4.810e-15 PASS
[23:16:27] pilot_00543 darcy short nx=512 twin-ref=0.000e+00 prod-twin=7.035e-15 PASS
[23:16:37] pilot_01320 darcy short nx=512 twin-ref=0.000e+00 prod-twin=4.472e-15 PASS
[23:16:49] pilot_01342 none long nx=64 twin-ref=0.000e+00 prod-twin=1.250e-15 PASS
[23:16:57] pilot_00163 none long nx=64 twin-ref=0.000e+00 prod-twin=6.323e-15 PASS
[23:17:09] pilot_00543 none long nx=64 twin-ref=0.000e+00 prod-twin=1.001e-14 PASS
[23:17:17] pilot_01320 none long nx=64 twin-ref=0.000e+00 prod-twin=9.479e-15 PASS
[23:17:32] pilot_01342 darcy long nx=64 twin-ref=0.000e+00 prod-twin=2.802e-16 PASS
[23:17:43] pilot_00163 darcy long nx=64 twin-ref=0.000e+00 prod-twin=2.148e-15 PASS
[23:17:58] pilot_00543 darcy long nx=64 twin-ref=0.000e+00 prod-twin=3.893e-15 PASS
[23:18:09] pilot_01320 darcy long nx=64 twin-ref=0.000e+00 prod-twin=2.549e-15 PASS
