[22:35:31] pilot_01342 Tlong=25.872s period=9.889s
[22:35:31] pilot_01342 refine darcy 64 vs 128
[22:35:31] pilot_01342 refine=2.4868e-02
[22:35:31] pilot_01342 twin+ref none nx=64 T=25.87
[22:35:33] pilot_01342 twin+ref darcy nx=64 T=25.87
[22:35:35] pilot_01342 zvb_rec reference nx=64
[22:51:43] pilot_01342 darcy twin_vs_ref=0.0000e+00 none=0.0000e+00
[22:51:43] pilot_00163 Tlong=35.807s period=13.997s
[22:51:43] pilot_00163 refine darcy 64 vs 128
[22:51:43] pilot_00163 refine=6.9718e-03
[22:51:43] pilot_00163 twin+ref none nx=64 T=35.81
[22:51:44] pilot_00163 twin+ref darcy nx=64 T=35.81
[22:51:46] pilot_00163 zvb_rec reference nx=64
[22:51:46] pilot_00163 darcy twin_vs_ref=0.0000e+00 none=0.0000e+00
[22:51:46] pilot_00543 Tlong=32.727s period=12.703s
[22:51:46] pilot_00543 refine darcy 64 vs 128
[22:51:47] pilot_00543 refine=4.8532e-03
[22:51:47] pilot_00543 twin+ref none nx=64 T=32.73
[22:51:48] pilot_00543 twin+ref darcy nx=64 T=32.73
[22:51:50] pilot_00543 zvb_rec reference nx=64
[22:51:51] pilot_00543 darcy twin_vs_ref=0.0000e+00 none=0.0000e+00
[22:51:51] pilot_01320 Tlong=32.852s period=12.776s
[22:51:51] pilot_01320 refine darcy 64 vs 128
[22:51:51] pilot_01320 refine=4.5435e-03
[22:51:51] pilot_01320 twin+ref none nx=64 T=32.85
[22:51:52] pilot_01320 twin+ref darcy nx=64 T=32.85
[22:51:54] pilot_01320 zvb_rec reference nx=64
[22:51:55] pilot_01320 darcy twin_vs_ref=0.0000e+00 none=0.0000e+00
