[22:39:18] pilot_01342 Tlong=25.872s period=9.889s
[22:39:18] pilot_01342 refine darcy 64 vs 128
[22:39:18] pilot_01342 refine=2.4868e-02
[22:39:18] pilot_01342 twin+ref none nx=64 T=25.87
[22:39:19] pilot_01342 torch vs twin none n=20
[22:39:19] pilot_01342 twin+ref darcy nx=64 T=25.87
[22:39:21] pilot_01342 torch vs twin darcy n=20
[22:39:21] pilot_01342 zvb_rec reference nx=32 T=11.26 (short of full long-window)
[22:39:22] pilot_01342 zvb vs darcy pert L2=3.0162e-02
[22:39:22] pilot_01342 drift + causality
[22:39:23] pilot_01342 darcy twin_vs_ref=0.0000e+00 none=0.0000e+00
[22:39:23] pilot_00163 Tlong=35.807s period=13.997s
[22:39:23] pilot_00163 refine darcy 64 vs 128
[22:39:23] pilot_00163 refine=6.9718e-03
[22:39:23] pilot_00163 twin+ref none nx=64 T=35.81
[22:39:25] pilot_00163 torch vs twin none n=20
[22:39:27] pilot_00163 twin+ref darcy nx=64 T=35.81
[22:39:31] pilot_00163 torch vs twin darcy n=20
[22:39:33] pilot_00163 zvb_rec reference nx=32 T=15.05 (short of full long-window)
[22:39:33] pilot_00163 zvb vs darcy pert L2=1.0376e-02
[22:39:33] pilot_00163 drift + causality
[22:39:35] pilot_00163 darcy twin_vs_ref=0.0000e+00 none=0.0000e+00
[22:39:35] pilot_00543 Tlong=32.727s period=12.703s
[22:39:36] pilot_00543 refine darcy 64 vs 128
[22:39:36] pilot_00543 refine=4.8532e-03
[22:39:36] pilot_00543 twin+ref none nx=64 T=32.73
[22:39:41] pilot_00543 torch vs twin none n=20
[22:39:42] pilot_00543 twin+ref darcy nx=64 T=32.73
[22:39:49] pilot_00543 torch vs twin darcy n=20
[22:39:51] pilot_00543 zvb_rec reference nx=32 T=13.90 (short of full long-window)
[22:39:51] pilot_00543 zvb vs darcy pert L2=9.4180e-03
[22:39:51] pilot_00543 drift + causality
[22:39:54] pilot_00543 darcy twin_vs_ref=0.0000e+00 none=0.0000e+00
[22:39:55] pilot_01320 Tlong=32.852s period=12.776s
[22:39:55] pilot_01320 refine darcy 64 vs 128
[22:39:55] pilot_01320 refine=4.5435e-03
[22:39:55] pilot_01320 twin+ref none nx=64 T=32.85
[22:39:59] pilot_01320 torch vs twin none n=20
[22:40:00] pilot_01320 twin+ref darcy nx=64 T=32.85
[22:40:05] pilot_01320 torch vs twin darcy n=20
[22:40:07] pilot_01320 zvb_rec reference nx=32 T=13.83 (short of full long-window)
[22:40:07] pilot_01320 zvb vs darcy pert L2=8.7100e-03
[22:40:07] pilot_01320 drift + causality
[22:40:09] pilot_01320 darcy twin_vs_ref=0.0000e+00 none=0.0000e+00
